Archive member included to satisfy reference by file (symbol)

.\CortexM0\ARM_GCC_541\Debug\BME280_I2C_temp_etu.a(UART.o)
                              .\CortexM0\ARM_GCC_541\Debug\main.o (UART_Start)
.\CortexM0\ARM_GCC_541\Debug\BME280_I2C_temp_etu.a(UART_SPI_UART.o)
                              .\CortexM0\ARM_GCC_541\Debug\main.o (UART_SpiUartWriteTxData)
.\CortexM0\ARM_GCC_541\Debug\BME280_I2C_temp_etu.a(UART_UART.o)
                              .\CortexM0\ARM_GCC_541\Debug\BME280_I2C_temp_etu.a(UART.o) (UART_UartInit)
.\CortexM0\ARM_GCC_541\Debug\BME280_I2C_temp_etu.a(CyLib.o)
                              .\CortexM0\ARM_GCC_541\Debug\cyfitter_cfg.o (CyIntEnable)
.\CortexM0\ARM_GCC_541\Debug\BME280_I2C_temp_etu.a(CyLFClk.o)
                              .\CortexM0\ARM_GCC_541\Debug\cyfitter_cfg.o (CySysClkWcoStart)
.\CortexM0\ARM_GCC_541\Debug\BME280_I2C_temp_etu.a(I2C.o)
                              .\CortexM0\ARM_GCC_541\Debug\main.o (I2C_Start)
.\CortexM0\ARM_GCC_541\Debug\BME280_I2C_temp_etu.a(I2C_I2C.o)
                              .\CortexM0\ARM_GCC_541\Debug\BME280_I2C_temp_etu.a(I2C.o) (I2C_I2CInit)
.\CortexM0\ARM_GCC_541\Debug\BME280_I2C_temp_etu.a(I2C_I2C_MASTER.o)
                              .\CortexM0\ARM_GCC_541\Debug\BME280.o (I2C_I2CMasterSendStart)
.\CortexM0\ARM_GCC_541\Debug\BME280_I2C_temp_etu.a(Timer.o)
                              .\CortexM0\ARM_GCC_541\Debug\main.o (Timer_Start)
.\CortexM0\ARM_GCC_541\Debug\BME280_I2C_temp_etu.a(ISR.o)
                              .\CortexM0\ARM_GCC_541\Debug\main.o (ISR_StartEx)
.\CortexM0\ARM_GCC_541\Debug\BME280_I2C_temp_etu.a(CyBootAsmGnu.o)
                              .\CortexM0\ARM_GCC_541\Debug\cyfitter_cfg.o (CyDelayCycles)
.\CortexM0\ARM_GCC_541\Debug\BME280_I2C_temp_etu.a(CyFlash.o)
                              .\CortexM0\ARM_GCC_541\Debug\BME280_I2C_temp_etu.a(CyLib.o) (CySysFlashSetWaitCycles)
.\CortexM0\ARM_GCC_541\Debug\BME280_I2C_temp_etu.a(I2C_I2C_INT.o)
                              .\CortexM0\ARM_GCC_541\Debug\BME280_I2C_temp_etu.a(I2C_I2C.o) (I2C_I2C_ISR)
c:/program files (x86)/cypress/psoc creator/4.4/psoc creator/import/gnu/arm/5.4.1/bin/../lib/gcc/arm-none-eabi/5.4.1/armv6-m\libgcc.a(_udivsi3.o)
                              .\CortexM0\ARM_GCC_541\Debug\BME280_I2C_temp_etu.a(CyLib.o) (__aeabi_uidiv)
c:/program files (x86)/cypress/psoc creator/4.4/psoc creator/import/gnu/arm/5.4.1/bin/../lib/gcc/arm-none-eabi/5.4.1/armv6-m\libgcc.a(_divsi3.o)
                              .\CortexM0\ARM_GCC_541\Debug\main.o (__aeabi_idiv)
c:/program files (x86)/cypress/psoc creator/4.4/psoc creator/import/gnu/arm/5.4.1/bin/../lib/gcc/arm-none-eabi/5.4.1/armv6-m\libgcc.a(_dvmd_tls.o)
                              c:/program files (x86)/cypress/psoc creator/4.4/psoc creator/import/gnu/arm/5.4.1/bin/../lib/gcc/arm-none-eabi/5.4.1/armv6-m\libgcc.a(_udivsi3.o) (__aeabi_idiv0)
c:/program files (x86)/cypress/psoc creator/4.4/psoc creator/import/gnu/arm/5.4.1/bin/../lib/gcc/arm-none-eabi/5.4.1/armv6-m\libgcc.a(_aeabi_ldivmod.o)
                              .\CortexM0\ARM_GCC_541\Debug\BME280.o (__aeabi_ldivmod)
c:/program files (x86)/cypress/psoc creator/4.4/psoc creator/import/gnu/arm/5.4.1/bin/../lib/gcc/arm-none-eabi/5.4.1/armv6-m\libgcc.a(_muldi3.o)
                              .\CortexM0\ARM_GCC_541\Debug\BME280.o (__aeabi_lmul)
c:/program files (x86)/cypress/psoc creator/4.4/psoc creator/import/gnu/arm/5.4.1/bin/../lib/gcc/arm-none-eabi/5.4.1/armv6-m\libgcc.a(bpabi.o)
                              c:/program files (x86)/cypress/psoc creator/4.4/psoc creator/import/gnu/arm/5.4.1/bin/../lib/gcc/arm-none-eabi/5.4.1/armv6-m\libgcc.a(_aeabi_ldivmod.o) (__gnu_ldivmod_helper)
c:/program files (x86)/cypress/psoc creator/4.4/psoc creator/import/gnu/arm/5.4.1/bin/../lib/gcc/arm-none-eabi/5.4.1/armv6-m\libgcc.a(adddf3.o)
                              .\CortexM0\ARM_GCC_541\Debug\BME280.o (__aeabi_dadd)
c:/program files (x86)/cypress/psoc creator/4.4/psoc creator/import/gnu/arm/5.4.1/bin/../lib/gcc/arm-none-eabi/5.4.1/armv6-m\libgcc.a(divdf3.o)
                              .\CortexM0\ARM_GCC_541\Debug\BME280.o (__aeabi_ddiv)
c:/program files (x86)/cypress/psoc creator/4.4/psoc creator/import/gnu/arm/5.4.1/bin/../lib/gcc/arm-none-eabi/5.4.1/armv6-m\libgcc.a(muldf3.o)
                              .\CortexM0\ARM_GCC_541\Debug\BME280.o (__aeabi_dmul)
c:/program files (x86)/cypress/psoc creator/4.4/psoc creator/import/gnu/arm/5.4.1/bin/../lib/gcc/arm-none-eabi/5.4.1/armv6-m\libgcc.a(subdf3.o)
                              .\CortexM0\ARM_GCC_541\Debug\BME280.o (__aeabi_dsub)
c:/program files (x86)/cypress/psoc creator/4.4/psoc creator/import/gnu/arm/5.4.1/bin/../lib/gcc/arm-none-eabi/5.4.1/armv6-m\libgcc.a(floatsidf.o)
                              .\CortexM0\ARM_GCC_541\Debug\BME280.o (__aeabi_i2d)
c:/program files (x86)/cypress/psoc creator/4.4/psoc creator/import/gnu/arm/5.4.1/bin/../lib/gcc/arm-none-eabi/5.4.1/armv6-m\libgcc.a(_clzsi2.o)
[...]
Memory Configuration

Name             Origin             Length             Attributes
rom              0x00000000         0x00020000         xr
ram              0x20000000         0x00004000         xrw
*default*        0x00000000         0xffffffff

Linker script and memory map

LOAD c:/program files (x86)/cypress/psoc creator/4.4/psoc creator/import/gnu/arm/5.4.1/bin/../lib/gcc/arm-none-eabi/5.4.1/armv6-m/crti.o
LOAD c:/program files (x86)/cypress/psoc creator/4.4/psoc creator/import/gnu/arm/5.4.1/bin/../lib/gcc/arm-none-eabi/5.4.1/armv6-m/crtbegin.o
LOAD c:/program files (x86)/cypress/psoc creator/4.4/psoc creator/import/gnu/arm/5.4.1/bin/../lib/gcc/arm-none-eabi/5.4.1/../../../../arm-none-eabi/lib/armv6-m/crt0.o
START GROUP
LOAD .\CortexM0\ARM_GCC_541\Debug\main.o
LOAD .\CortexM0\ARM_GCC_541\Debug\BME280.o
LOAD .\CortexM0\ARM_GCC_541\Debug\cyfitter_cfg.o
LOAD .\CortexM0\ARM_GCC_541\Debug\cymetadata.o
LOAD .\CortexM0\ARM_GCC_541\Debug\Cm0Start.o
LOAD .\CortexM0\ARM_GCC_541\Debug\BME280_I2C_temp_etu.a
LOAD c:/program files (x86)/cypress/psoc creator/4.4/psoc creator/import/gnu/arm/5.4.1/bin/../lib/gcc/arm-none-eabi/5.4.1/../../../../arm-none-eabi/lib/armv6-m\libm.a
END GROUP
START GROUP
LOAD c:/program files (x86)/cypress/psoc creator/4.4/psoc creator/import/gnu/arm/5.4.1/bin/../lib/gcc/arm-none-eabi/5.4.1/armv6-m\libgcc.a
LOAD c:/program files (x86)/cypress/psoc creator/4.4/psoc creator/import/gnu/arm/5.4.1/bin/../lib/gcc/arm-none-eabi/5.4.1/../../../../arm-none-eabi/lib/armv6-m\libg_nano.a
LOAD c:/program files (x86)/cypress/psoc creator/4.4/psoc creator/import/gnu/arm/5.4.1/bin/../lib/gcc/arm-none-eabi/5.4.1/../../../../arm-none-eabi/lib/armv6-m\libc_nano.a
END GROUP
START GROUP
LOAD c:/program files (x86)/cypress/psoc creator/4.4/psoc creator/import/gnu/arm/5.4.1/bin/../lib/gcc/arm-none-eabi/5.4.1/armv6-m\libgcc.a
LOAD c:/program files (x86)/cypress/psoc creator/4.4/psoc creator/import/gnu/arm/5.4.1/bin/../lib/gcc/arm-none-eabi/5.4.1/../../../../arm-none-eabi/lib/armv6-m\libc_nano.a
END GROUP
LOAD c:/program files (x86)/cypress/psoc creator/4.4/psoc creator/import/gnu/arm/5.4.1/bin/../lib/gcc/arm-none-eabi/5.4.1/armv6-m/crtend.o
LOAD c:/program files (x86)/cypress/psoc creator/4.4/psoc creator/import/gnu/arm/5.4.1/bin/../lib/gcc/arm-none-eabi/5.4.1/armv6-m/crtn.o
START GROUP
LOAD c:/program files (x86)/cypress/psoc creator/4.4/psoc creator/import/gnu/arm/5.4.1/bin/../lib/gcc/arm-none-eabi/5.4.1/armv6-m\libgcc.a
LOAD c:/program files (x86)/cypress/psoc creator/4.4/psoc creator/import/gnu/arm/5.4.1/bin/../lib/gcc/arm-none-eabi/5.4.1/../../../../arm-none-eabi/lib/armv6-m\libc.a
LOAD c:/program files (x86)/cypress/psoc creator/4.4/psoc creator/import/gnu/arm/5.4.1/bin/../lib/gcc/arm-none-eabi/5.4.1/../../../../arm-none-eabi/lib/armv6-m\libnosys.a
END GROUP
                0x00000000                CY_APPL_ORIGIN = 0x0
                0x00000080                CY_FLASH_ROW_SIZE = 0x80
                0x00000001                CY_APPL_NUM = 0x1
                0x00000001                CY_APPL_MAX = 0x1
                0x00000040                CY_METADATA_SIZE = 0x40
                0x00000000                CY_APPL_LOADABLE = 0x0
                0x00000000                CY_CHECKSUM_EXCLUDE_SIZE = ALIGN (0x0, CY_FLASH_ROW_SIZE)
                0x00000000                CY_APP_FOR_STACK_AND_COPIER = 0x0
                [!provide]                PROVIDE (__cy_heap_start, _end)
                0x00000001                PROVIDE (__cy_region_num, ((__cy_regions_end - __cy_regions) / 0x10))
                0x20004000                PROVIDE (__cy_stack, (ORIGIN (ram) + LENGTH (ram)))
                [!provide]                PROVIDE (__cy_heap_end, (__cy_stack - 0x800))

.cybootloader   0x00000000        0x0
 *(.cybootloader)
                0x00000000                appl1_start = CY_APPL_ORIGIN?CY_APPL_ORIGIN:ALIGN (CY_FLASH_ROW_SIZE)
                0x0000ff80                appl2_start = (appl1_start + ALIGN ((((LENGTH (rom) - appl1_start) - (0x2 * CY_FLASH_ROW_SIZE)) / 0x2), CY_FLASH_ROW_SIZE))
                0x00000000                appl_start = (CY_APPL_NUM == 0x1)?appl1_start:appl2_start
                0x00000001                cy_project_type_bootloader = (appl_start == 0x0)?0x1:0x0
                0x00000000                cy_project_type_app_for_stack_and_copier = (CY_APP_FOR_STACK_AND_COPIER == 0x1)?0x1:0x0

.text           0x00000000     0x257e
 CREATE_OBJECT_SYMBOLS
                0x00000000                PROVIDE (__cy_interrupt_vector, RomVectors)
 *(.romvectors)
 .romvectors    0x00000000       0x10 .\CortexM0\ARM_GCC_541\Debug\Cm0Start.o
                0x00000000                RomVectors
                0x00000001                ASSERT ((. != __cy_interrupt_vector), No interrupt vector)
                0x00000001                ASSERT (CY_APPL_ORIGIN?(SIZEOF (.cybootloader) <= CY_APPL_ORIGIN):0x1, Wrong image location)
                0x00000010                PROVIDE (__cy_reset, Reset)
 *(.text.Reset)
 .text.Reset    0x00000010        0x8 .\CortexM0\ARM_GCC_541\Debug\Cm0Start.o
                0x00000010                Reset
                0x00000001                ASSERT ((. != __cy_reset), No reset code)
 *(.psocinit)
 .psocinit      0x00000018      0x1d4 .\CortexM0\ARM_GCC_541\Debug\cyfitter_cfg.o
                0x000000e8                cyfitter_cfg
                0x000001ec                . = MAX (., 0x100)
 *(.text .text.* .gnu.linkonce.t.*)
 .text          0x000001ec       0x60 c:/program files (x86)/cypress/psoc creator/4.4/psoc creator/import/gnu/arm/5.4.1/bin/../lib/gcc/arm-none-eabi/5.4.1/armv6-m/crtbegin.o
 .text.Timer_ISR
                0x0000024c      0x120 .\CortexM0\ARM_GCC_541\Debug\main.o
                0x0000024c                Timer_ISR
 .text.main     0x0000036c       0x40 .\CortexM0\ARM_GCC_541\Debug\main.o
                0x0000036c                main
 .text.BME280_WriteReg
                0x000003ac       0x28 .\CortexM0\ARM_GCC_541\Debug\BME280.o
                0x000003ac                BME280_WriteReg
 .text.BME280_ReadReg
                0x000003d4       0x2c .\CortexM0\ARM_GCC_541\Debug\BME280.o
                0x000003d4                BME280_ReadReg
 .text.BME280_compensate_T_int32
                0x00000400       0x44 .\CortexM0\ARM_GCC_541\Debug\BME280.o
                0x00000400                BME280_compensate_T_int32
 .text.BME280_compensate_P_int64
                0x00000444      0x174 .\CortexM0\ARM_GCC_541\Debug\BME280.o
                0x00000444                BME280_compensate_P_int64
 .text.cfg_write_bytes32
                0x000005b8       0x34 .\CortexM0\ARM_GCC_541\Debug\cyfitter_cfg.o
 .text.AnalogSetDefault
                0x000005ec       0x20 .\CortexM0\ARM_GCC_541\Debug\cyfitter_cfg.o
 .text.CYMEMZERO
                0x0000060c        0xc .\CortexM0\ARM_GCC_541\Debug\cyfitter_cfg.o
 .text.IntDefaultHandler
                0x00000618       0x10 .\CortexM0\ARM_GCC_541\Debug\Cm0Start.o
                0x00000618                IntDefaultHandler
 .text._sbrk    0x00000628       0x30 .\CortexM0\ARM_GCC_541\Debug\Cm0Start.o
                0x00000628                _sbrk
 .text.Start_c  0x00000658       0x48 .\CortexM0\ARM_GCC_541\Debug\Cm0Start.o
                0x00000658                Start_c
 .text.initialize_psoc
                0x000006a0       0x4c .\CortexM0\ARM_GCC_541\Debug\Cm0Start.o
                0x000006a0                initialize_psoc
 .text.UART_ScbModePostEnable
                0x000006ec        0x8 .\CortexM0\ARM_GCC_541\Debug\BME280_I2C_temp_etu.a(UART.o)
 .text.UART_Init
                0x000006f4        0x8 .\CortexM0\ARM_GCC_541\Debug\BME280_I2C_temp_etu.a(UART.o)
                0x000006f4                UART_Init
 .text.UART_Enable
                0x000006fc       0x18 .\CortexM0\ARM_GCC_541\Debug\BME280_I2C_temp_etu.a(UART.o)
                0x000006fc                UART_Enable
 .text.UART_Start
                0x00000714       0x20 .\CortexM0\ARM_GCC_541\Debug\BME280_I2C_temp_etu.a(UART.o)
                0x00000714                UART_Start
 .text.UART_SpiUartWriteTxData
                0x00000734       0x1c .\CortexM0\ARM_GCC_541\Debug\BME280_I2C_temp_etu.a(UART_SPI_UART.o)
                0x00000734                UART_SpiUartWriteTxData
 .text.UART_UartInit
                0x00000750       0xa4 .\CortexM0\ARM_GCC_541\Debug\BME280_I2C_temp_etu.a(UART_UART.o)
                0x00000750                UART_UartInit
 .text.UART_UartPostEnable
                0x000007f4       0x24 .\CortexM0\ARM_GCC_541\Debug\BME280_I2C_temp_etu.a(UART_UART.o)
                0x000007f4                UART_UartPostEnable
 .text.UART_UartPutString
                0x00000818       0x18 .\CortexM0\ARM_GCC_541\Debug\BME280_I2C_temp_etu.a(UART_UART.o)
                0x00000818                UART_UartPutString
 .text.CySysClkImoDisableWcoLock
                0x00000830       0x14 .\CortexM0\ARM_GCC_541\Debug\BME280_I2C_temp_etu.a(CyLib.o)
                0x00000830                CySysClkImoDisableWcoLock
 .text.CySysClkImoGetWcoLock
                0x00000844       0x14 .\CortexM0\ARM_GCC_541\Debug\BME280_I2C_temp_etu.a(CyLib.o)
                0x00000844                CySysClkImoGetWcoLock
 .text.CyIntEnable
                0x00000858       0x14 .\CortexM0\ARM_GCC_541\Debug\BME280_I2C_temp_etu.a(CyLib.o)
                0x00000858                CyIntEnable
 .text.CyIntDisable
                0x0000086c       0x14 .\CortexM0\ARM_GCC_541\Debug\BME280_I2C_temp_etu.a(CyLib.o)
                0x0000086c                CyIntDisable
 .text.CyHalt   0x00000880        0x4 .\CortexM0\ARM_GCC_541\Debug\BME280_I2C_temp_etu.a(CyLib.o)
                0x00000880                CyHalt
 .text.CyIntSetVector
                0x00000884       0x24 .\CortexM0\ARM_GCC_541\Debug\BME280_I2C_temp_etu.a(CyLib.o)
                0x00000884                CyIntSetVector
 .text.CyIntSetPriority
                0x000008a8       0x4c .\CortexM0\ARM_GCC_541\Debug\BME280_I2C_temp_etu.a(CyLib.o)
                0x000008a8                CyIntSetPriority
 .text.CyDelay  0x000008f4       0x30 .\CortexM0\ARM_GCC_541\Debug\BME280_I2C_temp_etu.a(CyLib.o)
                0x000008f4                CyDelay
 .text.CySysClkImoEnableWcoLock
                0x00000924       0xf0 .\CortexM0\ARM_GCC_541\Debug\BME280_I2C_temp_etu.a(CyLib.o)
                0x00000924                CySysClkImoEnableWcoLock
 .text.CySysClkWriteImoFreq
                0x00000a14       0x80 .\CortexM0\ARM_GCC_541\Debug\BME280_I2C_temp_etu.a(CyLib.o)
                0x00000a14                CySysClkWriteImoFreq
 .text.CySysWdtLocked
                0x00000a94       0x14 .\CortexM0\ARM_GCC_541\Debug\BME280_I2C_temp_etu.a(CyLFClk.o)
 .text.CySysClkWcoStart
                0x00000aa8       0x40 .\CortexM0\ARM_GCC_541\Debug\BME280_I2C_temp_etu.a(CyLFClk.o)
                0x00000aa8                CySysClkWcoStart
 .text.CySysClkWcoEnabled
                0x00000ae8       0x14 .\CortexM0\ARM_GCC_541\Debug\BME280_I2C_temp_etu.a(CyLFClk.o)
                0x00000ae8                CySysClkWcoEnabled
 .text.CySysWdtLock
                0x00000afc       0x1c .\CortexM0\ARM_GCC_541\Debug\BME280_I2C_temp_etu.a(CyLFClk.o)
                0x00000afc                CySysWdtLock
 .text.CySysWdtUnlock
                0x00000b18       0x30 .\CortexM0\ARM_GCC_541\Debug\BME280_I2C_temp_etu.a(CyLFClk.o)
                0x00000b18                CySysWdtUnlock
 .text.CySysWdtClearInterrupt
                0x00000b48       0x4c .\CortexM0\ARM_GCC_541\Debug\BME280_I2C_temp_etu.a(CyLFClk.o)
                0x00000b48                CySysWdtClearInterrupt
 .text.CySysWdtIsr
                0x00000b94       0xa4 .\CortexM0\ARM_GCC_541\Debug\BME280_I2C_temp_etu.a(CyLFClk.o)
                0x00000b94                CySysWdtIsr
 .text.I2C_ScbEnableIntr
                0x00000c38        0xc .\CortexM0\ARM_GCC_541\Debug\BME280_I2C_temp_etu.a(I2C.o)
 .text.I2C_Init
                0x00000c44        0x8 .\CortexM0\ARM_GCC_541\Debug\BME280_I2C_temp_etu.a(I2C.o)
                0x00000c44                I2C_Init
 .text.I2C_Enable
                0x00000c4c       0x18 .\CortexM0\ARM_GCC_541\Debug\BME280_I2C_temp_etu.a(I2C.o)
                0x00000c4c                I2C_Enable
 .text.I2C_Start
                0x00000c64       0x20 .\CortexM0\ARM_GCC_541\Debug\BME280_I2C_temp_etu.a(I2C.o)
                0x00000c64                I2C_Start
 .text.I2C_I2CInit
                0x00000c84       0xbc .\CortexM0\ARM_GCC_541\Debug\BME280_I2C_temp_etu.a(I2C_I2C.o)
                0x00000c84                I2C_I2CInit
 .text.I2C_I2CMasterSendStart
                0x00000d40       0xd8 .\CortexM0\ARM_GCC_541\Debug\BME280_I2C_temp_etu.a(I2C_I2C_MASTER.o)
                0x00000d40                I2C_I2CMasterSendStart
 .text.I2C_I2CMasterSendStop
                0x00000e18       0x8c .\CortexM0\ARM_GCC_541\Debug\BME280_I2C_temp_etu.a(I2C_I2C_MASTER.o)
                0x00000e18                I2C_I2CMasterSendStop
 .text.I2C_I2CMasterWriteByte
                0x00000ea4       0x98 .\CortexM0\ARM_GCC_541\Debug\BME280_I2C_temp_etu.a(I2C_I2C_MASTER.o)
                0x00000ea4                I2C_I2CMasterWriteByte
 .text.I2C_I2CMasterReadByte
                0x00000f3c       0x84 .\CortexM0\ARM_GCC_541\Debug\BME280_I2C_temp_etu.a(I2C_I2C_MASTER.o)
                0x00000f3c                I2C_I2CMasterReadByte
 .text.I2C_I2CMasterStatus
                0x00000fc0       0x30 .\CortexM0\ARM_GCC_541\Debug\BME280_I2C_temp_etu.a(I2C_I2C_MASTER.o)
                0x00000fc0                I2C_I2CMasterStatus
 .text.I2C_I2CMasterClearStatus
                0x00000ff0       0x20 .\CortexM0\ARM_GCC_541\Debug\BME280_I2C_temp_etu.a(I2C_I2C_MASTER.o)
                0x00000ff0                I2C_I2CMasterClearStatus
 .text.I2C_I2CReStartGeneration
                0x00001010       0x20 .\CortexM0\ARM_GCC_541\Debug\BME280_I2C_temp_etu.a(I2C_I2C_MASTER.o)
                0x00001010                I2C_I2CReStartGeneration
 .text.I2C_I2CMasterWriteBuf
                0x00001030       0xec .\CortexM0\ARM_GCC_541\Debug\BME280_I2C_temp_etu.a(I2C_I2C_MASTER.o)
                0x00001030                I2C_I2CMasterWriteBuf
 .text.I2C_I2CMasterSendRestart
                0x0000111c       0xc4 .\CortexM0\ARM_GCC_541\Debug\BME280_I2C_temp_etu.a(I2C_I2C_MASTER.o)
                0x0000111c                I2C_I2CMasterSendRestart
 .text.Timer_Enable
                0x000011e0       0x14 .\CortexM0\ARM_GCC_541\Debug\BME280_I2C_temp_etu.a(Timer.o)
                0x000011e0                Timer_Enable
 .text.Timer_SetInterruptMode
                0x000011f4        0xc .\CortexM0\ARM_GCC_541\Debug\BME280_I2C_temp_etu.a(Timer.o)
                0x000011f4                Timer_SetInterruptMode
 .text.Timer_ReadStatusRegister
                0x00001200        0xc .\CortexM0\ARM_GCC_541\Debug\BME280_I2C_temp_etu.a(Timer.o)
                0x00001200                Timer_ReadStatusRegister
 .text.Timer_WritePeriod
                0x0000120c        0xc .\CortexM0\ARM_GCC_541\Debug\BME280_I2C_temp_etu.a(Timer.o)
                0x0000120c                Timer_WritePeriod
 .text.Timer_ReadCapture
                0x00001218        0xc .\CortexM0\ARM_GCC_541\Debug\BME280_I2C_temp_etu.a(Timer.o)
                0x00001218                Timer_ReadCapture
 .text.Timer_WriteCounter
                0x00001224        0xc .\CortexM0\ARM_GCC_541\Debug\BME280_I2C_temp_etu.a(Timer.o)
                0x00001224                Timer_WriteCounter
 .text.Timer_ClearFIFO
                0x00001230       0x14 .\CortexM0\ARM_GCC_541\Debug\BME280_I2C_temp_etu.a(Timer.o)
                0x00001230                Timer_ClearFIFO
 .text.Timer_Init
                0x00001244       0x38 .\CortexM0\ARM_GCC_541\Debug\BME280_I2C_temp_etu.a(Timer.o)
                0x00001244                Timer_Init
 .text.Timer_Start
                0x0000127c       0x20 .\CortexM0\ARM_GCC_541\Debug\BME280_I2C_temp_etu.a(Timer.o)
                0x0000127c                Timer_Start
 .text.ISR_SetVector
                0x0000129c        0xc .\CortexM0\ARM_GCC_541\Debug\BME280_I2C_temp_etu.a(ISR.o)
                0x0000129c                ISR_SetVector
 .text.ISR_SetPriority
                0x000012a8       0x20 .\CortexM0\ARM_GCC_541\Debug\BME280_I2C_temp_etu.a(ISR.o)
                0x000012a8                ISR_SetPriority
 .text.ISR_Enable
                0x000012c8        0xc .\CortexM0\ARM_GCC_541\Debug\BME280_I2C_temp_etu.a(ISR.o)
                0x000012c8                ISR_Enable
 .text.ISR_Disable
                0x000012d4        0xc .\CortexM0\ARM_GCC_541\Debug\BME280_I2C_temp_etu.a(ISR.o)
                0x000012d4                ISR_Disable
 .text.ISR_StartEx
                0x000012e0       0x1c .\CortexM0\ARM_GCC_541\Debug\BME280_I2C_temp_etu.a(ISR.o)
                0x000012e0                ISR_StartEx
 *fill*         0x000012fc        0x4 
 .text          0x00001300       0x20 .\CortexM0\ARM_GCC_541\Debug\BME280_I2C_temp_etu.a(CyBootAsmGnu.o)
                0x00001300                CyDelayCycles
                0x00001312                CyEnterCriticalSection
                0x0000131a                CyExitCriticalSection
 .text.CySysFlashSetWaitCycles
                0x00001320       0x54 .\CortexM0\ARM_GCC_541\Debug\BME280_I2C_temp_etu.a(CyFlash.o)
                0x00001320                CySysFlashSetWaitCycles
 .text.I2C_I2C_ISR
                0x00001374      0x374 .\CortexM0\ARM_GCC_541\Debug\BME280_I2C_temp_etu.a(I2C_I2C_INT.o)
                0x00001374                I2C_I2C_ISR
 .text          0x000016e8      0x114 c:/program files (x86)/cypress/psoc creator/4.4/psoc creator/import/gnu/arm/5.4.1/bin/../lib/gcc/arm-none-eabi/5.4.1/armv6-m\libgcc.a(_udivsi3.o)
                0x000016e8                __aeabi_uidiv
                0x000016e8                __udivsi3
                0x000017f4                __aeabi_uidivmod
 .text          0x000017fc      0x1d4 c:/program files (x86)/cypress/psoc creator/4.4/psoc creator/import/gnu/arm/5.4.1/bin/../lib/gcc/arm-none-eabi/5.4.1/armv6-m\libgcc.a(_divsi3.o)
                0x000017fc                __divsi3
                0x000017fc                __aeabi_idiv
                0x000019c8                __aeabi_idivmod
 .text          0x000019d0        0x4 c:/program files (x86)/cypress/psoc creator/4.4/psoc creator/import/gnu/arm/5.4.1/bin/../lib/gcc/arm-none-eabi/5.4.1/armv6-m\libgcc.a(_dvmd_tls.o)
                0x000019d0                __aeabi_idiv0
                0x000019d0                __aeabi_ldiv0
 .text          0x000019d4       0x48 c:/program files (x86)/cypress/psoc creator/4.4/psoc creator/import/gnu/arm/5.4.1/bin/../lib/gcc/arm-none-eabi/5.4.1/armv6-m\libgcc.a(_aeabi_ldivmod.o)
                0x000019d4                __aeabi_ldivmod
 .text          0x00001a1c       0x58 c:/program files (x86)/cypress/psoc creator/4.4/psoc creator/import/gnu/arm/5.4.1/bin/../lib/gcc/arm-none-eabi/5.4.1/armv6-m\libgcc.a(_muldi3.o)
                0x00001a1c                __muldi3
                0x00001a1c                __aeabi_lmul
 .text          0x00001a74       0x38 c:/program files (x86)/cypress/psoc creator/4.4/psoc creator/import/gnu/arm/5.4.1/bin/../lib/gcc/arm-none-eabi/5.4.1/armv6-m\libgcc.a(bpabi.o)
                0x00001a74                __gnu_ldivmod_helper
 .text          0x00001aac       0x3c c:/program files (x86)/cypress/psoc creator/4.4/psoc creator/import/gnu/arm/5.4.1/bin/../lib/gcc/arm-none-eabi/5.4.1/armv6-m\libgcc.a(_clzsi2.o)
                0x00001aac                __clzsi2
 .text          0x00001ae8      0x1bc c:/program files (x86)/cypress/psoc creator/4.4/psoc creator/import/gnu/arm/5.4.1/bin/../lib/gcc/arm-none-eabi/5.4.1/armv6-m\libgcc.a(_divdi3.o)
                0x00001ae8                __divdi3
 .text          0x00001ca4       0x18 c:/program files (x86)/cypress/psoc creator/4.4/psoc creator/import/gnu/arm/5.4.1/bin/../lib/gcc/arm-none-eabi/5.4.1/armv6-m\libgcc.a(_clzdi2.o)
                0x00001ca4                __clzdi2
 .text.__errno  0x00001cbc        0xc c:/program files (x86)/cypress/psoc creator/4.4/psoc creator/import/gnu/arm/5.4.1/bin/../lib/gcc/arm-none-eabi/5.4.1/../../../../arm-none-eabi/lib/armv6-m\libg_nano.a(lib_a-errno.o)
                0x00001cbc                __errno
 .text.__libc_init_array
                0x00001cc8       0x4c c:/program files (x86)/cypress/psoc creator/4.4/psoc creator/import/gnu/arm/5.4.1/bin/../lib/gcc/arm-none-eabi/5.4.1/../../../../arm-none-eabi/lib/armv6-m\libg_nano.a(lib_a-init.o)
                0x00001cc8                __libc_init_array
 .text.memcpy   0x00001d14       0x12 c:/program files (x86)/cypress/psoc creator/4.4/psoc creator/import/gnu/arm/5.4.1/bin/../lib/gcc/arm-none-eabi/5.4.1/../../../../arm-none-eabi/lib/armv6-m\libg_nano.a(lib_a-memcpy-stub.o)
                0x00001d14                memcpy
 .text.memset   0x00001d26       0x10 c:/program files (x86)/cypress/psoc creator/4.4/psoc creator/import/gnu/arm/5.4.1/bin/../lib/gcc/arm-none-eabi/5.4.1/../../../../arm-none-eabi/lib/armv6-m\libg_nano.a(lib_a-memset.o)
                0x00001d26                memset
 *fill*         0x00001d36        0x2 
 .text.sprintf  0x00001d38       0x44 c:/program files (x86)/cypress/psoc creator/4.4/psoc creator/import/gnu/arm/5.4.1/bin/../lib/gcc/arm-none-eabi/5.4.1/../../../../arm-none-eabi/lib/armv6-m\libg_nano.a(lib_a-sprintf.o)
                0x00001d38                siprintf
                0x00001d38                sprintf
 .text.__ssputs_r
                0x00001d7c       0xc4 c:/program files (x86)/cypress/psoc creator/4.4/psoc creator/import/gnu/arm/5.4.1/bin/../lib/gcc/arm-none-eabi/5.4.1/../../../../arm-none-eabi/lib/armv6-m\libg_nano.a(lib_a-nano-svfprintf.o)
                0x00001d7c                __ssputs_r
 .text._svfprintf_r
                0x00001e40      0x1fc c:/program files (x86)/cypress/psoc creator/4.4/psoc creator/import/gnu/arm/5.4.1/bin/../lib/gcc/arm-none-eabi/5.4.1/../../../../arm-none-eabi/lib/armv6-m\libg_nano.a(lib_a-nano-svfprintf.o)
                0x00001e40                _svfiprintf_r
                0x00001e40                _svfprintf_r
 .text._printf_common
                0x0000203c       0xdc c:/program files (x86)/cypress/psoc creator/4.4/psoc creator/import/gnu/arm/5.4.1/bin/../lib/gcc/arm-none-eabi/5.4.1/../../../../arm-none-eabi/lib/armv6-m\libg_nano.a(lib_a-nano-vfprintf_i.o)
                0x0000203c                _printf_common
 .text._printf_i
                0x00002118      0x244 c:/program files (x86)/cypress/psoc creator/4.4/psoc creator/import/gnu/arm/5.4.1/bin/../lib/gcc/arm-none-eabi/5.4.1/../../../../arm-none-eabi/lib/armv6-m\libg_nano.a(lib_a-nano-vfprintf_i.o)
                0x00002118                _printf_i
 .text.memchr   0x0000235c       0x16 c:/program files (x86)/cypress/psoc creator/4.4/psoc creator/import/gnu/arm/5.4.1/bin/../lib/gcc/arm-none-eabi/5.4.1/../../../../arm-none-eabi/lib/armv6-m\libg_nano.a(lib_a-memchr-stub.o)
                0x0000235c                memchr
 .text.memmove  0x00002372       0x2a c:/program files (x86)/cypress/psoc creator/4.4/psoc creator/import/gnu/arm/5.4.1/bin/../lib/gcc/arm-none-eabi/5.4.1/../../../../arm-none-eabi/lib/armv6-m\libg_nano.a(lib_a-memmove.o)
                0x00002372                memmove
 .text._free_r  0x0000239c       0x98 c:/program files (x86)/cypress/psoc creator/4.4/psoc creator/import/gnu/arm/5.4.1/bin/../lib/gcc/arm-none-eabi/5.4.1/../../../../arm-none-eabi/lib/armv6-m\libg_nano.a(lib_a-nano-freer.o)
                0x0000239c                _free_r
 .text._malloc_r
                0x00002434       0xc0 c:/program files (x86)/cypress/psoc creator/4.4/psoc creator/import/gnu/arm/5.4.1/bin/../lib/gcc/arm-none-eabi/5.4.1/../../../../arm-none-eabi/lib/armv6-m\libg_nano.a(lib_a-nano-mallocr.o)
                0x00002434                _malloc_r
 .text._realloc_r
                0x000024f4       0x4c c:/program files (x86)/cypress/psoc creator/4.4/psoc creator/import/gnu/arm/5.4.1/bin/../lib/gcc/arm-none-eabi/5.4.1/../../../../arm-none-eabi/lib/armv6-m\libg_nano.a(lib_a-nano-reallocr.o)
                0x000024f4                _realloc_r
 .text._sbrk_r  0x00002540       0x24 c:/program files (x86)/cypress/psoc creator/4.4/psoc creator/import/gnu/arm/5.4.1/bin/../lib/gcc/arm-none-eabi/5.4.1/../../../../arm-none-eabi/lib/armv6-m\libg_nano.a(lib_a-sbrkr.o)
                0x00002540                _sbrk_r
 .text.__malloc_lock
                0x00002564        0x2 c:/program files (x86)/cypress/psoc creator/4.4/psoc creator/import/gnu/arm/5.4.1/bin/../lib/gcc/arm-none-eabi/5.4.1/../../../../arm-none-eabi/lib/armv6-m\libg_nano.a(lib_a-mlock.o)
                0x00002564                __malloc_lock
 .text.__malloc_unlock
                0x00002566        0x2 c:/program files (x86)/cypress/psoc creator/4.4/psoc creator/import/gnu/arm/5.4.1/bin/../lib/gcc/arm-none-eabi/5.4.1/../../../../arm-none-eabi/lib/armv6-m\libg_nano.a(lib_a-mlock.o)
                0x00002566                __malloc_unlock
 .text._malloc_usable_size_r
                0x00002568       0x16 c:/program files (x86)/cypress/psoc creator/4.4/psoc creator/import/gnu/arm/5.4.1/bin/../lib/gcc/arm-none-eabi/5.4.1/../../../../arm-none-eabi/lib/armv6-m\libg_nano.a(lib_a-nano-msizer.o)
                0x00002568                _malloc_usable_size_r
 *(.plt)
 *(.gnu.warning)
 *(.glue_7t)
 .glue_7t       0x0000257e        0x0 linker stubs
 *(.glue_7)
 .glue_7        0x0000257e        0x0 linker stubs
 *(.vfp11_veneer)
 .vfp11_veneer  0x0000257e        0x0 linker stubs
 *(.bootloader)
 *(.ARM.extab* .gnu.linkonce.armextab.*)
 *(.gcc_except_table)

.v4_bx          0x00002580        0x0
 .v4_bx         0x00002580        0x0 linker stubs

.iplt           0x00002580        0x0
 .iplt          0x00002580        0x0 c:/program files (x86)/cypress/psoc creator/4.4/psoc creator/import/gnu/arm/5.4.1/bin/../lib/gcc/arm-none-eabi/5.4.1/armv6-m/crtbegin.o

.eh_frame_hdr
 *(.eh_frame_hdr)

.eh_frame       0x00002580        0x4
 *(.eh_frame)
 .eh_frame      0x00002580        0x0 c:/program files (x86)/cypress/psoc creator/4.4/psoc creator/import/gnu/arm/5.4.1/bin/../lib/gcc/arm-none-eabi/5.4.1/armv6-m/crtbegin.o
 .eh_frame      0x00002580        0x4 c:/program files (x86)/cypress/psoc creator/4.4/psoc creator/import/gnu/arm/5.4.1/bin/../lib/gcc/arm-none-eabi/5.4.1/armv6-m/crtend.o
                [!provide]                PROVIDE (__exidx_start, .)

.ARM.exidx      0x00002584        0x8
 *(.ARM.exidx* .gnu.linkonce.armexidx.*)
 .ARM.exidx     0x00002584        0x8 c:/program files (x86)/cypress/psoc creator/4.4/psoc creator/import/gnu/arm/5.4.1/bin/../lib/gcc/arm-none-eabi/5.4.1/armv6-m\libgcc.a(_divdi3.o)
                0x0000258c                __exidx_end = .

.rodata         0x0000258c      0x1b4
 *(.rodata .rodata.* .gnu.linkonce.r.*)
 .rodata.str1.4
                0x0000258c       0x48 .\CortexM0\ARM_GCC_541\Debug\main.o
                                 0x4b (size before relaxing)
 .rodata        0x000025d4       0xbc .\CortexM0\ARM_GCC_541\Debug\cyfitter_cfg.o
 .rodata        0x00002690       0x47 .\CortexM0\ARM_GCC_541\Debug\BME280_I2C_temp_etu.a(CyLib.o)
                0x00002690                cyImoFreqMhz2Reg
                0x000026c0                cyImoFreqMhz2DpllOffset
 .rodata.str1.1
                0x000026d7        0x2 c:/program files (x86)/cypress/psoc creator/4.4/psoc creator/import/gnu/arm/5.4.1/bin/../lib/gcc/arm-none-eabi/5.4.1/../../../../arm-none-eabi/lib/armv6-m\libg_nano.a(lib_a-impure.o)
 .rodata.str1.1
                0x000026d9       0x11 c:/program files (x86)/cypress/psoc creator/4.4/psoc creator/import/gnu/arm/5.4.1/bin/../lib/gcc/arm-none-eabi/5.4.1/../../../../arm-none-eabi/lib/armv6-m\libg_nano.a(lib_a-nano-svfprintf.o)
 .rodata.str1.1
                0x000026ea       0x22 c:/program files (x86)/cypress/psoc creator/4.4/psoc creator/import/gnu/arm/5.4.1/bin/../lib/gcc/arm-none-eabi/5.4.1/../../../../arm-none-eabi/lib/armv6-m\libg_nano.a(lib_a-nano-vfprintf_i.o)
                0x0000270c                . = ALIGN (0x4)
 *(.init)
 .init          0x0000270c        0x4 c:/program files (x86)/cypress/psoc creator/4.4/psoc creator/import/gnu/arm/5.4.1/bin/../lib/gcc/arm-none-eabi/5.4.1/armv6-m/crti.o
                0x0000270c                _init
 .init          0x00002710        0x8 c:/program files (x86)/cypress/psoc creator/4.4/psoc creator/import/gnu/arm/5.4.1/bin/../lib/gcc/arm-none-eabi/5.4.1/armv6-m/crtn.o
                0x00002718                . = ALIGN (0x4)
                0x00002718                __preinit_array_start = .
 *(.preinit_array)
                0x00002718                __preinit_array_end = .
                0x00002718                . = ALIGN (0x4)
                0x00002718                __init_array_start = .
 *(SORT(.init_array.*))
 *(.init_array)
 .init_array    0x00002718        0x4 c:/program files (x86)/cypress/psoc creator/4.4/psoc creator/import/gnu/arm/5.4.1/bin/../lib/gcc/arm-none-eabi/5.4.1/armv6-m/crtbegin.o
 .init_array    0x0000271c        0x4 .\CortexM0\ARM_GCC_541\Debug\Cm0Start.o
                0x00002720                __init_array_end = .
                0x00002720                . = ALIGN (0x4)
 *(.fini)
 .fini          0x00002720        0x4 c:/program files (x86)/cypress/psoc creator/4.4/psoc creator/import/gnu/arm/5.4.1/bin/../lib/gcc/arm-none-eabi/5.4.1/armv6-m/crti.o
                0x00002720                _fini
 .fini          0x00002724        0x8 c:/program files (x86)/cypress/psoc creator/4.4/psoc creator/import/gnu/arm/5.4.1/bin/../lib/gcc/arm-none-eabi/5.4.1/armv6-m/crtn.o
                0x0000272c                . = ALIGN (0x4)
                0x0000272c                __fini_array_start = .
 *(.fini_array)
 .fini_array    0x0000272c        0x4 c:/program files (x86)/cypress/psoc creator/4.4/psoc creator/import/gnu/arm/5.4.1/bin/../lib/gcc/arm-none-eabi/5.4.1/armv6-m/crtbegin.o
 *(SORT(.fini_array.*))
                0x00002730                __fini_array_end = .
                0x00002730                . = ALIGN (0x4)
 *crtbegin.o(.ctors)
 *(EXCLUDE_FILE(*crtend.o) .ctors)
 *(SORT(.ctors.*))
 *crtend.o(.ctors)
                0x00002730                . = ALIGN (0x4)
 *crtbegin.o(.dtors)
 *(EXCLUDE_FILE(*crtend.o) .dtors)
 *(SORT(.dtors.*))
 *crtend.o(.dtors)
                0x00002730                . = ALIGN (0x4)
                0x00002730                __cy_regions = .
                0x00002730        0x4 LONG 0x2740 __cy_region_init_ram
                0x00002734        0x4 LONG 0x200000c0 __cy_region_start_data
                0x00002738        0x4 LONG 0x88 __cy_region_init_size_ram
                0x0000273c        0x4 LONG 0xf8 __cy_region_zero_size_ram
                0x00002740                __cy_regions_end = .
                0x00002740                . = ALIGN (0x8)
                0x00002740                _etext = .

.cy_checksum_exclude
                0x00002740        0x0
 *(.cy_checksum_exclude)

.ramvectors     0x20000000       0xc0
                0x20000000                __cy_region_start_ram = .
 *(.ramvectors)
 .ramvectors    0x20000000       0xc0 .\CortexM0\ARM_GCC_541\Debug\Cm0Start.o
                0x20000000                CyRamVectors

.noinit
 *(.noinit)

.data           0x200000c0       0x88 load address 0x00002740
                0x200000c0                __cy_region_start_data = .
 *(.jcr)
 .jcr           0x200000c0        0x0 c:/program files (x86)/cypress/psoc creator/4.4/psoc creator/import/gnu/arm/5.4.1/bin/../lib/gcc/arm-none-eabi/5.4.1/armv6-m/crtbegin.o
 .jcr           0x200000c0        0x4 c:/program files (x86)/cypress/psoc creator/4.4/psoc creator/import/gnu/arm/5.4.1/bin/../lib/gcc/arm-none-eabi/5.4.1/armv6-m/crtend.o
 *(.got.plt)
 *(.got)
 *(.shdata)
 *(.data .data.* .gnu.linkonce.d.*)
 .data          0x200000c4        0x4 .\CortexM0\ARM_GCC_541\Debug\Cm0Start.o
 .data          0x200000c8       0x14 .\CortexM0\ARM_GCC_541\Debug\BME280_I2C_temp_etu.a(CyLib.o)
                0x200000c8                CySysClkPumpConfig
                0x200000cc                cydelay32kMs
                0x200000d0                cydelayFreqKhz
                0x200000d4                cydelayFreqMhz
                0x200000d8                cydelayFreqHz
 .data          0x200000dc        0x8 .\CortexM0\ARM_GCC_541\Debug\BME280_I2C_temp_etu.a(CyLFClk.o)
 .data.impure_data
                0x200000e4       0x60 c:/program files (x86)/cypress/psoc creator/4.4/psoc creator/import/gnu/arm/5.4.1/bin/../lib/gcc/arm-none-eabi/5.4.1/../../../../arm-none-eabi/lib/armv6-m\libg_nano.a(lib_a-impure.o)
 .data._impure_ptr
                0x20000144        0x4 c:/program files (x86)/cypress/psoc creator/4.4/psoc creator/import/gnu/arm/5.4.1/bin/../lib/gcc/arm-none-eabi/5.4.1/../../../../arm-none-eabi/lib/armv6-m\libg_nano.a(lib_a-impure.o)
                0x20000144                _impure_ptr
                0x20000148                . = ALIGN (0x8)
 *(.ram)
                0x20000148                _edata = .

.igot.plt       0x20000148        0x0 load address 0x000027c8
 .igot.plt      0x20000148        0x0 c:/program files (x86)/cypress/psoc creator/4.4/psoc creator/import/gnu/arm/5.4.1/bin/../lib/gcc/arm-none-eabi/5.4.1/armv6-m/crtbegin.o

.bss            0x20000148       0xf8 load address 0x000027c8
                0x20000148                PROVIDE (__bss_start__, .)
 *(.shbss)
 *(.bss .bss.* .gnu.linkonce.b.*)
 .bss           0x20000148       0x1c c:/program files (x86)/cypress/psoc creator/4.4/psoc creator/import/gnu/arm/5.4.1/bin/../lib/gcc/arm-none-eabi/5.4.1/armv6-m/crtbegin.o
 .bss           0x20000164       0x60 .\CortexM0\ARM_GCC_541\Debug\main.o
                0x20000164                temperature
                0x20000168                pression
                0x2000016c                bufT1
                0x20000180                bufT2
                0x20000194                bufP1
                0x200001a8                bufP2
                0x200001bc                Pression
                0x200001c0                Temperature
 .bss           0x200001c4        0x4 .\CortexM0\ARM_GCC_541\Debug\BME280_I2C_temp_etu.a(UART.o)
                0x200001c4                UART_initVar
                0x200001c6                UART_IntrTxMask
 .bss           0x200001c8       0x28 .\CortexM0\ARM_GCC_541\Debug\BME280_I2C_temp_etu.a(CyLFClk.o)
 .bss           0x200001f0        0x8 .\CortexM0\ARM_GCC_541\Debug\BME280_I2C_temp_etu.a(I2C.o)
                0x200001f0                I2C_initVar
                0x200001f4                I2C_customIntrHandler
 .bss           0x200001f8        0x1 .\CortexM0\ARM_GCC_541\Debug\BME280_I2C_temp_etu.a(Timer.o)
                0x200001f8                Timer_initVar
 *fill*         0x200001f9        0x3 
 .bss.__malloc_sbrk_start
                0x200001fc        0x4 c:/program files (x86)/cypress/psoc creator/4.4/psoc creator/import/gnu/arm/5.4.1/bin/../lib/gcc/arm-none-eabi/5.4.1/../../../../arm-none-eabi/lib/armv6-m\libg_nano.a(lib_a-nano-mallocr.o)
                0x200001fc                __malloc_sbrk_start
 .bss.__malloc_free_list
                0x20000200        0x4 c:/program files (x86)/cypress/psoc creator/4.4/psoc creator/import/gnu/arm/5.4.1/bin/../lib/gcc/arm-none-eabi/5.4.1/../../../../arm-none-eabi/lib/armv6-m\libg_nano.a(lib_a-nano-mallocr.o)
                0x20000200                __malloc_free_list
 *(COMMON)
 COMMON         0x20000204        0xc .\CortexM0\ARM_GCC_541\Debug\main.o
                0x20000204                Pression_compense
                0x20000208                Temperature_compense
                0x2000020c                t_fine
 COMMON         0x20000210        0x1 .\CortexM0\ARM_GCC_541\Debug\BME280_I2C_temp_etu.a(I2C_I2C.o)
                0x20000210                I2C_state
 *fill*         0x20000211        0x3 
 COMMON         0x20000214       0x24 .\CortexM0\ARM_GCC_541\Debug\BME280_I2C_temp_etu.a(I2C_I2C_MASTER.o)
                0x20000214                I2C_mstrWrBufIndexTmp
                0x20000218                I2C_mstrWrBufIndex
                0x2000021c                I2C_mstrWrBufSize
                0x20000220                I2C_mstrStatus
                0x20000224                I2C_mstrRdBufPtr
                0x20000228                I2C_mstrControl
                0x2000022c                I2C_mstrRdBufSize
                0x20000230                I2C_mstrRdBufIndex
                0x20000234                I2C_mstrWrBufPtr
 COMMON         0x20000238        0x4 c:/program files (x86)/cypress/psoc creator/4.4/psoc creator/import/gnu/arm/5.4.1/bin/../lib/gcc/arm-none-eabi/5.4.1/../../../../arm-none-eabi/lib/armv6-m\libg_nano.a(lib_a-reent.o)
                0x20000238                errno
                0x20000240                . = ALIGN (0x8)
 *fill*         0x2000023c        0x4 
 *(.ram.b)
                0x20000240                _end = .
                0x20000240                __end = .
                0x20000240                PROVIDE (end, .)
                0x20000240                PROVIDE (__bss_end__, .)
                0x00002740                __cy_region_init_ram = LOADADDR (.data)
                0x00000088                __cy_region_init_size_ram = (_edata - ADDR (.data))
                0x000000f8                __cy_region_zero_size_ram = (_end - _edata)

.heap           0x20000240       0x80 load address 0x000027c8
                0x20000240                . = _end
                0x200002c0                . = (. + 0x80)
 *fill*         0x20000240       0x80 
                0x200002c0                __cy_heap_limit = .

.stack          0x20003800      0x800
                0x20003800                __cy_stack_limit = .
                0x20004000                . = (. + 0x800)
 *fill*         0x20003800      0x800 
                0x00000001                ASSERT ((__cy_stack_limit >= __cy_heap_limit), region RAM overflowed with stack)
                0x00000000                cy_checksum_exclude_size = (CY_APPL_LOADABLE == 0x1)?SIZEOF (.cy_checksum_exclude):0x0
                0x00000001                ASSERT ((cy_checksum_exclude_size <= CY_CHECKSUM_EXCLUDE_SIZE), CY_BOOT: Section .cy_checksum_exclude size exceedes specified limit.)
                0x0001ffc0                cyloadermeta_start = (cy_project_type_bootloader || cy_project_type_app_for_stack_and_copier)?(LENGTH (rom) - CY_METADATA_SIZE):0xf0000000

.cyloadermeta
 *(.cyloadermeta)
                0x0001ffc0                cyloadablemeta_start = cy_project_type_app_for_stack_and_copier?((LENGTH (rom) - CY_FLASH_ROW_SIZE) - CY_METADATA_SIZE):((LENGTH (rom) - (CY_FLASH_ROW_SIZE * (CY_APPL_NUM - 0x1))) - CY_METADATA_SIZE)

.cyloadablemeta
 *(.cyloadablemeta)

.cyflashprotect
                0x90400000       0x80
 *(.cyflashprotect)
 .cyflashprotect
                0x90400000       0x80 .\CortexM0\ARM_GCC_541\Debug\cymetadata.o
                0x90400000                cy_meta_flashprotect

.cymeta         0x90500000        0xc
 *(.cymeta)
 .cymeta        0x90500000        0xc .\CortexM0\ARM_GCC_541\Debug\cymetadata.o
                0x90500000                cy_metadata

.cychipprotect  0x90600000        0x1
 *(.cychipprotect)
 .cychipprotect
                0x90600000        0x1 .\CortexM0\ARM_GCC_541\Debug\cymetadata.o
                0x90600000                cy_meta_chipprotect

.rel.dyn        0x000027c8        0x0 load address 0x90600004
 .rel.iplt      0x000027c8        0x0 c:/program files (x86)/cypress/psoc creator/4.4/psoc creator/import/gnu/arm/5.4.1/bin/../lib/gcc/arm-none-eabi/5.4.1/armv6-m/crtbegin.o

.stab
 *(.stab)

.stabstr
 *(.stabstr)

.debug
 *(.debug)

.line
 *(.line)

.debug_srcinfo
 *(.debug_srcinfo)

.debug_sfnames
 *(.debug_sfnames)

.debug_aranges  0x00000000      0x838
 *(.debug_aranges)
 .debug_aranges
                0x00000000       0x28 .\CortexM0\ARM_GCC_541\Debug\main.o
 .debug_aranges
                0x00000028       0x40 .\CortexM0\ARM_GCC_541\Debug\BME280.o
 .debug_aranges
                0x00000068       0x40 .\CortexM0\ARM_GCC_541\Debug\cyfitter_cfg.o
 .debug_aranges
                0x000000a8       0x18 .\CortexM0\ARM_GCC_541\Debug\cymetadata.o
 .debug_aranges
                0x000000c0       0x48 .\CortexM0\ARM_GCC_541\Debug\Cm0Start.o
 .debug_aranges
                0x00000108       0x58 .\CortexM0\ARM_GCC_541\Debug\BME280_I2C_temp_etu.a(UART.o)
 .debug_aranges
                0x00000160       0x60 .\CortexM0\ARM_GCC_541\Debug\BME280_I2C_temp_etu.a(UART_SPI_UART.o)
 .debug_aranges
                0x000001c0       0x88 .\CortexM0\ARM_GCC_541\Debug\BME280_I2C_temp_etu.a(UART_UART.o)
 .debug_aranges
                0x00000248      0x1c8 .\CortexM0\ARM_GCC_541\Debug\BME280_I2C_temp_etu.a(CyLib.o)
 .debug_aranges
                0x00000410      0x188 .\CortexM0\ARM_GCC_541\Debug\BME280_I2C_temp_etu.a(CyLFClk.o)
 .debug_aranges
                0x00000598       0x60 .\CortexM0\ARM_GCC_541\Debug\BME280_I2C_temp_etu.a(I2C.o)
 .debug_aranges
                0x000005f8       0x28 .\CortexM0\ARM_GCC_541\Debug\BME280_I2C_temp_etu.a(I2C_I2C.o)
 .debug_aranges
                0x00000620       0x88 .\CortexM0\ARM_GCC_541\Debug\BME280_I2C_temp_etu.a(I2C_I2C_MASTER.o)
 .debug_aranges
                0x000006a8       0x90 .\CortexM0\ARM_GCC_541\Debug\BME280_I2C_temp_etu.a(Timer.o)
 .debug_aranges
                0x00000738       0x80 .\CortexM0\ARM_GCC_541\Debug\BME280_I2C_temp_etu.a(ISR.o)
 .debug_aranges
                0x000007b8       0x20 .\CortexM0\ARM_GCC_541\Debug\BME280_I2C_temp_etu.a(CyBootAsmGnu.o)
 .debug_aranges
                0x000007d8       0x40 .\CortexM0\ARM_GCC_541\Debug\BME280_I2C_temp_etu.a(CyFlash.o)
 .debug_aranges
                0x00000818       0x20 .\CortexM0\ARM_GCC_541\Debug\BME280_I2C_temp_etu.a(I2C_I2C_INT.o)

.debug_pubnames
 *(.debug_pubnames)

.debug_info     0x00000000     0x4b9b
 *(.debug_info .gnu.linkonce.wi.*)
 .debug_info    0x00000000      0x4d5 .\CortexM0\ARM_GCC_541\Debug\main.o
 .debug_info    0x000004d5      0x3a0 .\CortexM0\ARM_GCC_541\Debug\BME280.o
 .debug_info    0x00000875      0x406 .\CortexM0\ARM_GCC_541\Debug\cyfitter_cfg.o
 .debug_info    0x00000c7b       0xf8 .\CortexM0\ARM_GCC_541\Debug\cymetadata.o
 .debug_info    0x00000d73      0x3a2 .\CortexM0\ARM_GCC_541\Debug\Cm0Start.o
 .debug_info    0x00001115      0x23a .\CortexM0\ARM_GCC_541\Debug\BME280_I2C_temp_etu.a(UART.o)
 .debug_info    0x0000134f      0x220 .\CortexM0\ARM_GCC_541\Debug\BME280_I2C_temp_etu.a(UART_SPI_UART.o)
 .debug_info    0x0000156f      0x36e .\CortexM0\ARM_GCC_541\Debug\BME280_I2C_temp_etu.a(UART_UART.o)
 .debug_info    0x000018dd      0xd3d .\CortexM0\ARM_GCC_541\Debug\BME280_I2C_temp_etu.a(CyLib.o)
 .debug_info    0x0000261a     0x1058 .\CortexM0\ARM_GCC_541\Debug\BME280_I2C_temp_etu.a(CyLFClk.o)
 .debug_info    0x00003672      0x298 .\CortexM0\ARM_GCC_541\Debug\BME280_I2C_temp_etu.a(I2C.o)
 .debug_info    0x0000390a      0x183 .\CortexM0\ARM_GCC_541\Debug\BME280_I2C_temp_etu.a(I2C_I2C.o)
 .debug_info    0x00003a8d      0x5a2 .\CortexM0\ARM_GCC_541\Debug\BME280_I2C_temp_etu.a(I2C_I2C_MASTER.o)
 .debug_info    0x0000402f      0x2ee .\CortexM0\ARM_GCC_541\Debug\BME280_I2C_temp_etu.a(Timer.o)
 .debug_info    0x0000431d      0x305 .\CortexM0\ARM_GCC_541\Debug\BME280_I2C_temp_etu.a(ISR.o)
 .debug_info    0x00004622       0x95 .\CortexM0\ARM_GCC_541\Debug\BME280_I2C_temp_etu.a(CyBootAsmGnu.o)
 .debug_info    0x000046b7      0x350 .\CortexM0\ARM_GCC_541\Debug\BME280_I2C_temp_etu.a(CyFlash.o)
 .debug_info    0x00004a07      0x194 .\CortexM0\ARM_GCC_541\Debug\BME280_I2C_temp_etu.a(I2C_I2C_INT.o)

.debug_abbrev   0x00000000     0x15f6
 *(.debug_abbrev)
 .debug_abbrev  0x00000000       0xfe .\CortexM0\ARM_GCC_541\Debug\main.o
 .debug_abbrev  0x000000fe      0x146 .\CortexM0\ARM_GCC_541\Debug\BME280.o
 .debug_abbrev  0x00000244      0x1af .\CortexM0\ARM_GCC_541\Debug\cyfitter_cfg.o
 .debug_abbrev  0x000003f3       0x5d .\CortexM0\ARM_GCC_541\Debug\cymetadata.o
 .debug_abbrev  0x00000450      0x1d7 .\CortexM0\ARM_GCC_541\Debug\Cm0Start.o
 .debug_abbrev  0x00000627       0xd5 .\CortexM0\ARM_GCC_541\Debug\BME280_I2C_temp_etu.a(UART.o)
 .debug_abbrev  0x000006fc      0x14f .\CortexM0\ARM_GCC_541\Debug\BME280_I2C_temp_etu.a(UART_SPI_UART.o)
 .debug_abbrev  0x0000084b      0x132 .\CortexM0\ARM_GCC_541\Debug\BME280_I2C_temp_etu.a(UART_UART.o)
 .debug_abbrev  0x0000097d      0x200 .\CortexM0\ARM_GCC_541\Debug\BME280_I2C_temp_etu.a(CyLib.o)
 .debug_abbrev  0x00000b7d      0x248 .\CortexM0\ARM_GCC_541\Debug\BME280_I2C_temp_etu.a(CyLFClk.o)
 .debug_abbrev  0x00000dc5      0x118 .\CortexM0\ARM_GCC_541\Debug\BME280_I2C_temp_etu.a(I2C.o)
 .debug_abbrev  0x00000edd       0xc7 .\CortexM0\ARM_GCC_541\Debug\BME280_I2C_temp_etu.a(I2C_I2C.o)
 .debug_abbrev  0x00000fa4      0x16f .\CortexM0\ARM_GCC_541\Debug\BME280_I2C_temp_etu.a(I2C_I2C_MASTER.o)
 .debug_abbrev  0x00001113      0x12b .\CortexM0\ARM_GCC_541\Debug\BME280_I2C_temp_etu.a(Timer.o)
 .debug_abbrev  0x0000123e      0x19a .\CortexM0\ARM_GCC_541\Debug\BME280_I2C_temp_etu.a(ISR.o)
 .debug_abbrev  0x000013d8       0x14 .\CortexM0\ARM_GCC_541\Debug\BME280_I2C_temp_etu.a(CyBootAsmGnu.o)
 .debug_abbrev  0x000013ec      0x182 .\CortexM0\ARM_GCC_541\Debug\BME280_I2C_temp_etu.a(CyFlash.o)
 .debug_abbrev  0x0000156e       0x88 .\CortexM0\ARM_GCC_541\Debug\BME280_I2C_temp_etu.a(I2C_I2C_INT.o)

.debug_line     0x00000000     0x2285
 *(.debug_line)
 .debug_line    0x00000000      0x242 .\CortexM0\ARM_GCC_541\Debug\main.o
 .debug_line    0x00000242      0x1ee .\CortexM0\ARM_GCC_541\Debug\BME280.o
 .debug_line    0x00000430      0x192 .\CortexM0\ARM_GCC_541\Debug\cyfitter_cfg.o
 .debug_line    0x000005c2      0x141 .\CortexM0\ARM_GCC_541\Debug\cymetadata.o
 .debug_line    0x00000703      0x236 .\CortexM0\ARM_GCC_541\Debug\Cm0Start.o
 .debug_line    0x00000939      0x108 .\CortexM0\ARM_GCC_541\Debug\BME280_I2C_temp_etu.a(UART.o)
 .debug_line    0x00000a41      0x11a .\CortexM0\ARM_GCC_541\Debug\BME280_I2C_temp_etu.a(UART_SPI_UART.o)
 .debug_line    0x00000b5b      0x1ae .\CortexM0\ARM_GCC_541\Debug\BME280_I2C_temp_etu.a(UART_UART.o)
 .debug_line    0x00000d09      0x542 .\CortexM0\ARM_GCC_541\Debug\BME280_I2C_temp_etu.a(CyLib.o)
 .debug_line    0x0000124b      0x5d1 .\CortexM0\ARM_GCC_541\Debug\BME280_I2C_temp_etu.a(CyLFClk.o)
 .debug_line    0x0000181c      0x124 .\CortexM0\ARM_GCC_541\Debug\BME280_I2C_temp_etu.a(I2C.o)
 .debug_line    0x00001940       0xa5 .\CortexM0\ARM_GCC_541\Debug\BME280_I2C_temp_etu.a(I2C_I2C.o)
 .debug_line    0x000019e5      0x2a1 .\CortexM0\ARM_GCC_541\Debug\BME280_I2C_temp_etu.a(I2C_I2C_MASTER.o)
 .debug_line    0x00001c86      0x179 .\CortexM0\ARM_GCC_541\Debug\BME280_I2C_temp_etu.a(Timer.o)
 .debug_line    0x00001dff      0x14b .\CortexM0\ARM_GCC_541\Debug\BME280_I2C_temp_etu.a(ISR.o)
 .debug_line    0x00001f4a       0x68 .\CortexM0\ARM_GCC_541\Debug\BME280_I2C_temp_etu.a(CyBootAsmGnu.o)
 .debug_line    0x00001fb2      0x173 .\CortexM0\ARM_GCC_541\Debug\BME280_I2C_temp_etu.a(CyFlash.o)
 .debug_line    0x00002125      0x160 .\CortexM0\ARM_GCC_541\Debug\BME280_I2C_temp_etu.a(I2C_I2C_INT.o)

.debug_frame    0x00000000     0x1928
 *(.debug_frame)
 .debug_frame   0x00000000       0x54 .\CortexM0\ARM_GCC_541\Debug\main.o
 .debug_frame   0x00000054       0xac .\CortexM0\ARM_GCC_541\Debug\BME280.o
 .debug_frame   0x00000100       0x9c .\CortexM0\ARM_GCC_541\Debug\cyfitter_cfg.o
 .debug_frame   0x0000019c       0xbc .\CortexM0\ARM_GCC_541\Debug\Cm0Start.o
 .debug_frame   0x00000258       0xd8 .\CortexM0\ARM_GCC_541\Debug\BME280_I2C_temp_etu.a(UART.o)
 .debug_frame   0x00000330       0xb0 .\CortexM0\ARM_GCC_541\Debug\BME280_I2C_temp_etu.a(UART_SPI_UART.o)
 .debug_frame   0x000003e0      0x130 .\CortexM0\ARM_GCC_541\Debug\BME280_I2C_temp_etu.a(UART_UART.o)
 .debug_frame   0x00000510      0x494 .\CortexM0\ARM_GCC_541\Debug\BME280_I2C_temp_etu.a(CyLib.o)
 .debug_frame   0x000009a4      0x4a4 .\CortexM0\ARM_GCC_541\Debug\BME280_I2C_temp_etu.a(CyLFClk.o)
 .debug_frame   0x00000e48       0xe8 .\CortexM0\ARM_GCC_541\Debug\BME280_I2C_temp_etu.a(I2C.o)
 .debug_frame   0x00000f30       0x3c .\CortexM0\ARM_GCC_541\Debug\BME280_I2C_temp_etu.a(I2C_I2C.o)
 .debug_frame   0x00000f6c      0x16c .\CortexM0\ARM_GCC_541\Debug\BME280_I2C_temp_etu.a(I2C_I2C_MASTER.o)
 .debug_frame   0x000010d8      0x124 .\CortexM0\ARM_GCC_541\Debug\BME280_I2C_temp_etu.a(Timer.o)
 .debug_frame   0x000011fc      0x110 .\CortexM0\ARM_GCC_541\Debug\BME280_I2C_temp_etu.a(ISR.o)
 .debug_frame   0x0000130c       0x90 .\CortexM0\ARM_GCC_541\Debug\BME280_I2C_temp_etu.a(CyFlash.o)
 .debug_frame   0x0000139c       0x2c .\CortexM0\ARM_GCC_541\Debug\BME280_I2C_temp_etu.a(I2C_I2C_INT.o)
 .debug_frame   0x000013c8       0x20 c:/program files (x86)/cypress/psoc creator/4.4/psoc creator/import/gnu/arm/5.4.1/bin/../lib/gcc/arm-none-eabi/5.4.1/armv6-m\libgcc.a(_udivsi3.o)
 .debug_frame   0x000013e8       0x20 c:/program files (x86)/cypress/psoc creator/4.4/psoc creator/import/gnu/arm/5.4.1/bin/../lib/gcc/arm-none-eabi/5.4.1/armv6-m\libgcc.a(_divsi3.o)
 .debug_frame   0x00001408       0x34 c:/program files (x86)/cypress/psoc creator/4.4/psoc creator/import/gnu/arm/5.4.1/bin/../lib/gcc/arm-none-eabi/5.4.1/armv6-m\libgcc.a(_muldi3.o)
 .debug_frame   0x0000143c       0x30 c:/program files (x86)/cypress/psoc creator/4.4/psoc creator/import/gnu/arm/5.4.1/bin/../lib/gcc/arm-none-eabi/5.4.1/armv6-m\libgcc.a(bpabi.o)
 .debug_frame   0x0000146c       0x3c c:/program files (x86)/cypress/psoc creator/4.4/psoc creator/import/gnu/arm/5.4.1/bin/../lib/gcc/arm-none-eabi/5.4.1/armv6-m\libgcc.a(adddf3.o)
 .debug_frame   0x000014a8       0x3c c:/program files (x86)/cypress/psoc creator/4.4/psoc creator/import/gnu/arm/5.4.1/bin/../lib/gcc/arm-none-eabi/5.4.1/armv6-m\libgcc.a(divdf3.o)
 .debug_frame   0x000014e4       0x3c c:/program files (x86)/cypress/psoc creator/4.4/psoc creator/import/gnu/arm/5.4.1/bin/../lib/gcc/arm-none-eabi/5.4.1/armv6-m\libgcc.a(muldf3.o)
 .debug_frame   0x00001520       0x38 c:/program files (x86)/cypress/psoc creator/4.4/psoc creator/import/gnu/arm/5.4.1/bin/../lib/gcc/arm-none-eabi/5.4.1/armv6-m\libgcc.a(subdf3.o)
 .debug_frame   0x00001558       0x2c c:/program files (x86)/cypress/psoc creator/4.4/psoc creator/import/gnu/arm/5.4.1/bin/../lib/gcc/arm-none-eabi/5.4.1/armv6-m\libgcc.a(floatsidf.o)
 .debug_frame   0x00001584       0x3c c:/program files (x86)/cypress/psoc creator/4.4/psoc creator/import/gnu/arm/5.4.1/bin/../lib/gcc/arm-none-eabi/5.4.1/armv6-m\libgcc.a(_divdi3.o)
 .debug_frame   0x000015c0       0x20 c:/program files (x86)/cypress/psoc creator/4.4/psoc creator/import/gnu/arm/5.4.1/bin/../lib/gcc/arm-none-eabi/5.4.1/../../../../arm-none-eabi/lib/armv6-m\libg_nano.a(lib_a-errno.o)
 .debug_frame   0x000015e0       0x28 c:/program files (x86)/cypress/psoc creator/4.4/psoc creator/import/gnu/arm/5.4.1/bin/../lib/gcc/arm-none-eabi/5.4.1/../../../../arm-none-eabi/lib/armv6-m\libg_nano.a(lib_a-exit.o)
 .debug_frame   0x00001608       0x2c c:/program files (x86)/cypress/psoc creator/4.4/psoc creator/import/gnu/arm/5.4.1/bin/../lib/gcc/arm-none-eabi/5.4.1/../../../../arm-none-eabi/lib/armv6-m\libg_nano.a(lib_a-init.o)
 .debug_frame   0x00001634       0x28 c:/program files (x86)/cypress/psoc creator/4.4/psoc creator/import/gnu/arm/5.4.1/bin/../lib/gcc/arm-none-eabi/5.4.1/../../../../arm-none-eabi/lib/armv6-m\libg_nano.a(lib_a-memcpy-stub.o)
 .debug_frame   0x0000165c       0x20 c:/program files (x86)/cypress/psoc creator/4.4/psoc creator/import/gnu/arm/5.4.1/bin/../lib/gcc/arm-none-eabi/5.4.1/../../../../arm-none-eabi/lib/armv6-m\libg_nano.a(lib_a-memset.o)
 .debug_frame   0x0000167c       0x50 c:/program files (x86)/cypress/psoc creator/4.4/psoc creator/import/gnu/arm/5.4.1/bin/../lib/gcc/arm-none-eabi/5.4.1/../../../../arm-none-eabi/lib/armv6-m\libg_nano.a(lib_a-sprintf.o)
 .debug_frame   0x000016cc       0x74 c:/program files (x86)/cypress/psoc creator/4.4/psoc creator/import/gnu/arm/5.4.1/bin/../lib/gcc/arm-none-eabi/5.4.1/../../../../arm-none-eabi/lib/armv6-m\libg_nano.a(lib_a-nano-svfprintf.o)
 .debug_frame   0x00001740       0x54 c:/program files (x86)/cypress/psoc creator/4.4/psoc creator/import/gnu/arm/5.4.1/bin/../lib/gcc/arm-none-eabi/5.4.1/../../../../arm-none-eabi/lib/armv6-m\libg_nano.a(lib_a-nano-vfprintf_i.o)
 .debug_frame   0x00001794       0x20 c:/program files (x86)/cypress/psoc creator/4.4/psoc creator/import/gnu/arm/5.4.1/bin/../lib/gcc/arm-none-eabi/5.4.1/../../../../arm-none-eabi/lib/armv6-m\libg_nano.a(lib_a-memchr-stub.o)
 .debug_frame   0x000017b4       0x28 c:/program files (x86)/cypress/psoc creator/4.4/psoc creator/import/gnu/arm/5.4.1/bin/../lib/gcc/arm-none-eabi/5.4.1/../../../../arm-none-eabi/lib/armv6-m\libg_nano.a(lib_a-memmove.o)
 .debug_frame   0x000017dc       0x2c c:/program files (x86)/cypress/psoc creator/4.4/psoc creator/import/gnu/arm/5.4.1/bin/../lib/gcc/arm-none-eabi/5.4.1/../../../../arm-none-eabi/lib/armv6-m\libg_nano.a(lib_a-nano-freer.o)
 .debug_frame   0x00001808       0x2c c:/program files (x86)/cypress/psoc creator/4.4/psoc creator/import/gnu/arm/5.4.1/bin/../lib/gcc/arm-none-eabi/5.4.1/../../../../arm-none-eabi/lib/armv6-m\libg_nano.a(lib_a-nano-mallocr.o)
 .debug_frame   0x00001834       0x30 c:/program files (x86)/cypress/psoc creator/4.4/psoc creator/import/gnu/arm/5.4.1/bin/../lib/gcc/arm-none-eabi/5.4.1/../../../../arm-none-eabi/lib/armv6-m\libg_nano.a(lib_a-nano-reallocr.o)
 .debug_frame   0x00001864       0x2c c:/program files (x86)/cypress/psoc creator/4.4/psoc creator/import/gnu/arm/5.4.1/bin/../lib/gcc/arm-none-eabi/5.4.1/../../../../arm-none-eabi/lib/armv6-m\libg_nano.a(lib_a-sbrkr.o)
 .debug_frame   0x00001890       0x30 c:/program files (x86)/cypress/psoc creator/4.4/psoc creator/import/gnu/arm/5.4.1/bin/../lib/gcc/arm-none-eabi/5.4.1/../../../../arm-none-eabi/lib/armv6-m\libg_nano.a(lib_a-mlock.o)
 .debug_frame   0x000018c0       0x20 c:/program files (x86)/cypress/psoc creator/4.4/psoc creator/import/gnu/arm/5.4.1/bin/../lib/gcc/arm-none-eabi/5.4.1/../../../../arm-none-eabi/lib/armv6-m\libg_nano.a(lib_a-nano-msizer.o)
 .debug_frame   0x000018e0       0x48 c:/program files (x86)/cypress/psoc creator/4.4/psoc creator/import/gnu/arm/5.4.1/bin/../lib/gcc/arm-none-eabi/5.4.1/../../../../arm-none-eabi/lib/armv6-m\libg_nano.a(lib_a-reent.o)

.debug_str      0x00000000     0x1d4e
 *(.debug_str)
 .debug_str     0x00000000      0x2b3 .\CortexM0\ARM_GCC_541\Debug\main.o
                                0x303 (size before relaxing)
 .debug_str     0x000002b3      0x150 .\CortexM0\ARM_GCC_541\Debug\BME280.o
                                0x363 (size before relaxing)
 .debug_str     0x00000403      0x1a3 .\CortexM0\ARM_GCC_541\Debug\cyfitter_cfg.o
                                0x313 (size before relaxing)
 .debug_str     0x000005a6       0x59 .\CortexM0\ARM_GCC_541\Debug\cymetadata.o
                                0x1cd (size before relaxing)
 .debug_str     0x000005ff      0x13a .\CortexM0\ARM_GCC_541\Debug\Cm0Start.o
                                0x306 (size before relaxing)
 .debug_str     0x00000739       0xf7 .\CortexM0\ARM_GCC_541\Debug\BME280_I2C_temp_etu.a(UART.o)
                                0x29c (size before relaxing)
 .debug_str     0x00000830      0x11d .\CortexM0\ARM_GCC_541\Debug\BME280_I2C_temp_etu.a(UART_SPI_UART.o)
                                0x2d3 (size before relaxing)
 .debug_str     0x0000094d      0x14c .\CortexM0\ARM_GCC_541\Debug\BME280_I2C_temp_etu.a(UART_UART.o)
                                0x393 (size before relaxing)
 .debug_str     0x00000a99      0x5f3 .\CortexM0\ARM_GCC_541\Debug\BME280_I2C_temp_etu.a(CyLib.o)
                                0x81a (size before relaxing)
 .debug_str     0x0000108c      0x6df .\CortexM0\ARM_GCC_541\Debug\BME280_I2C_temp_etu.a(CyLFClk.o)
                                0x922 (size before relaxing)
 .debug_str     0x0000176b       0xdf .\CortexM0\ARM_GCC_541\Debug\BME280_I2C_temp_etu.a(I2C.o)
                                0x2c3 (size before relaxing)
 .debug_str     0x0000184a       0x60 .\CortexM0\ARM_GCC_541\Debug\BME280_I2C_temp_etu.a(I2C_I2C.o)
                                0x23f (size before relaxing)
 .debug_str     0x000018aa      0x174 .\CortexM0\ARM_GCC_541\Debug\BME280_I2C_temp_etu.a(I2C_I2C_MASTER.o)
                                0x428 (size before relaxing)
 .debug_str     0x00001a1e      0x175 .\CortexM0\ARM_GCC_541\Debug\BME280_I2C_temp_etu.a(Timer.o)
                                0x340 (size before relaxing)
 .debug_str     0x00001b93       0xcd .\CortexM0\ARM_GCC_541\Debug\BME280_I2C_temp_etu.a(ISR.o)
                                0x2d3 (size before relaxing)
 .debug_str     0x00001c60       0xa7 .\CortexM0\ARM_GCC_541\Debug\BME280_I2C_temp_etu.a(CyFlash.o)
                                0x2b5 (size before relaxing)
 .debug_str     0x00001d07       0x47 .\CortexM0\ARM_GCC_541\Debug\BME280_I2C_temp_etu.a(I2C_I2C_INT.o)
                                0x2af (size before relaxing)

.debug_loc      0x00000000     0x2a35
 *(.debug_loc)
 .debug_loc     0x00000000       0x26 .\CortexM0\ARM_GCC_541\Debug\main.o
 .debug_loc     0x00000026      0x302 .\CortexM0\ARM_GCC_541\Debug\BME280.o
 .debug_loc     0x00000328      0x118 .\CortexM0\ARM_GCC_541\Debug\cyfitter_cfg.o
 .debug_loc     0x00000440      0x14f .\CortexM0\ARM_GCC_541\Debug\Cm0Start.o
 .debug_loc     0x0000058f       0x7e .\CortexM0\ARM_GCC_541\Debug\BME280_I2C_temp_etu.a(UART.o)
 .debug_loc     0x0000060d       0x96 .\CortexM0\ARM_GCC_541\Debug\BME280_I2C_temp_etu.a(UART_SPI_UART.o)
 .debug_loc     0x000006a3      0x1b8 .\CortexM0\ARM_GCC_541\Debug\BME280_I2C_temp_etu.a(UART_UART.o)
 .debug_loc     0x0000085b      0x7c0 .\CortexM0\ARM_GCC_541\Debug\BME280_I2C_temp_etu.a(CyLib.o)
 .debug_loc     0x0000101b      0xdb7 .\CortexM0\ARM_GCC_541\Debug\BME280_I2C_temp_etu.a(CyLFClk.o)
 .debug_loc     0x00001dd2       0x7e .\CortexM0\ARM_GCC_541\Debug\BME280_I2C_temp_etu.a(I2C.o)
 .debug_loc     0x00001e50      0x8e4 .\CortexM0\ARM_GCC_541\Debug\BME280_I2C_temp_etu.a(I2C_I2C_MASTER.o)
 .debug_loc     0x00002734       0x13 .\CortexM0\ARM_GCC_541\Debug\BME280_I2C_temp_etu.a(Timer.o)
 .debug_loc     0x00002747       0x82 .\CortexM0\ARM_GCC_541\Debug\BME280_I2C_temp_etu.a(ISR.o)
 .debug_loc     0x000027c9      0x160 .\CortexM0\ARM_GCC_541\Debug\BME280_I2C_temp_etu.a(CyFlash.o)
 .debug_loc     0x00002929      0x10c .\CortexM0\ARM_GCC_541\Debug\BME280_I2C_temp_etu.a(I2C_I2C_INT.o)

.debug_macinfo
 *(.debug_macinfo)

.debug_ranges   0x00000000      0x700
 *(.debug_ranges)
 .debug_ranges  0x00000000       0x18 .\CortexM0\ARM_GCC_541\Debug\main.o
 .debug_ranges  0x00000018       0x30 .\CortexM0\ARM_GCC_541\Debug\BME280.o
 .debug_ranges  0x00000048       0x30 .\CortexM0\ARM_GCC_541\Debug\cyfitter_cfg.o
 .debug_ranges  0x00000078       0x38 .\CortexM0\ARM_GCC_541\Debug\Cm0Start.o
 .debug_ranges  0x000000b0       0x48 .\CortexM0\ARM_GCC_541\Debug\BME280_I2C_temp_etu.a(UART.o)
 .debug_ranges  0x000000f8       0x50 .\CortexM0\ARM_GCC_541\Debug\BME280_I2C_temp_etu.a(UART_SPI_UART.o)
 .debug_ranges  0x00000148       0x78 .\CortexM0\ARM_GCC_541\Debug\BME280_I2C_temp_etu.a(UART_UART.o)
 .debug_ranges  0x000001c0      0x1b8 .\CortexM0\ARM_GCC_541\Debug\BME280_I2C_temp_etu.a(CyLib.o)
 .debug_ranges  0x00000378      0x178 .\CortexM0\ARM_GCC_541\Debug\BME280_I2C_temp_etu.a(CyLFClk.o)
 .debug_ranges  0x000004f0       0x50 .\CortexM0\ARM_GCC_541\Debug\BME280_I2C_temp_etu.a(I2C.o)
 .debug_ranges  0x00000540       0x18 .\CortexM0\ARM_GCC_541\Debug\BME280_I2C_temp_etu.a(I2C_I2C.o)
 .debug_ranges  0x00000558       0x78 .\CortexM0\ARM_GCC_541\Debug\BME280_I2C_temp_etu.a(I2C_I2C_MASTER.o)
 .debug_ranges  0x000005d0       0x80 .\CortexM0\ARM_GCC_541\Debug\BME280_I2C_temp_etu.a(Timer.o)
 .debug_ranges  0x00000650       0x70 .\CortexM0\ARM_GCC_541\Debug\BME280_I2C_temp_etu.a(ISR.o)
 .debug_ranges  0x000006c0       0x30 .\CortexM0\ARM_GCC_541\Debug\BME280_I2C_temp_etu.a(CyFlash.o)
 .debug_ranges  0x000006f0       0x10 .\CortexM0\ARM_GCC_541\Debug\BME280_I2C_temp_etu.a(I2C_I2C_INT.o)

.comment        0x00000000       0x6e
 .comment       0x00000000       0x6e .\CortexM0\ARM_GCC_541\Debug\main.o
                                 0x6f (size before relaxing)
 .comment       0x0000006e       0x6f .\CortexM0\ARM_GCC_541\Debug\BME280.o
 .comment       0x0000006e       0x6f .\CortexM0\ARM_GCC_541\Debug\cyfitter_cfg.o
 .comment       0x0000006e       0x6f .\CortexM0\ARM_GCC_541\Debug\cymetadata.o
 .comment       0x0000006e       0x6f .\CortexM0\ARM_GCC_541\Debug\Cm0Start.o
 .comment       0x0000006e       0x6f .\CortexM0\ARM_GCC_541\Debug\BME280_I2C_temp_etu.a(UART.o)
 .comment       0x0000006e       0x6f .\CortexM0\ARM_GCC_541\Debug\BME280_I2C_temp_etu.a(UART_SPI_UART.o)
 .comment       0x0000006e       0x6f .\CortexM0\ARM_GCC_541\Debug\BME280_I2C_temp_etu.a(UART_UART.o)
 .comment       0x0000006e       0x6f .\CortexM0\ARM_GCC_541\Debug\BME280_I2C_temp_etu.a(CyLib.o)
 .comment       0x0000006e       0x6f .\CortexM0\ARM_GCC_541\Debug\BME280_I2C_temp_etu.a(CyLFClk.o)
 .comment       0x0000006e       0x6f .\CortexM0\ARM_GCC_541\Debug\BME280_I2C_temp_etu.a(I2C.o)
 .comment       0x0000006e       0x6f .\CortexM0\ARM_GCC_541\Debug\BME280_I2C_temp_etu.a(I2C_I2C.o)
 .comment       0x0000006e       0x6f .\CortexM0\ARM_GCC_541\Debug\BME280_I2C_temp_etu.a(I2C_I2C_MASTER.o)
 .comment       0x0000006e       0x6f .\CortexM0\ARM_GCC_541\Debug\BME280_I2C_temp_etu.a(Timer.o)
 .comment       0x0000006e       0x6f .\CortexM0\ARM_GCC_541\Debug\BME280_I2C_temp_etu.a(ISR.o)
 .comment       0x0000006e       0x6f .\CortexM0\ARM_GCC_541\Debug\BME280_I2C_temp_etu.a(CyFlash.o)
 .comment       0x0000006e       0x6f .\CortexM0\ARM_GCC_541\Debug\BME280_I2C_temp_etu.a(I2C_I2C_INT.o)

.debug_weaknames
 *(.debug_weaknames)

.debug_funcnames
 *(.debug_funcnames)

.debug_typenames
 *(.debug_typenames)

.debug_varnames
 *(.debug_varnames)

.note.gnu.arm.ident
 *(.note.gnu.arm.ident)

.ARM.attributes
                0x00000000       0x28
 *(.ARM.attributes)
 .ARM.attributes
                0x00000000       0x1e c:/program files (x86)/cypress/psoc creator/4.4/psoc creator/import/gnu/arm/5.4.1/bin/../lib/gcc/arm-none-eabi/5.4.1/armv6-m/crti.o
 .ARM.attributes
                0x0000001e       0x2c c:/program files (x86)/cypress/psoc creator/4.4/psoc creator/import/gnu/arm/5.4.1/bin/../lib/gcc/arm-none-eabi/5.4.1/armv6-m/crtbegin.o
 .ARM.attributes
                0x0000004a       0x1b c:/program files (x86)/cypress/psoc creator/4.4/psoc creator/import/gnu/arm/5.4.1/bin/../lib/gcc/arm-none-eabi/5.4.1/../../../../arm-none-eabi/lib/armv6-m/crt0.o
 .ARM.attributes
                0x00000065       0x31 .\CortexM0\ARM_GCC_541\Debug\main.o
 .ARM.attributes
                0x00000096       0x31 .\CortexM0\ARM_GCC_541\Debug\BME280.o
 .ARM.attributes
                0x000000c7       0x31 .\CortexM0\ARM_GCC_541\Debug\cyfitter_cfg.o
 .ARM.attributes
                0x000000f8       0x31 .\CortexM0\ARM_GCC_541\Debug\cymetadata.o
 .ARM.attributes
                0x00000129       0x31 .\CortexM0\ARM_GCC_541\Debug\Cm0Start.o
 .ARM.attributes
                0x0000015a       0x31 .\CortexM0\ARM_GCC_541\Debug\BME280_I2C_temp_etu.a(UART.o)
 .ARM.attributes
                0x0000018b       0x31 .\CortexM0\ARM_GCC_541\Debug\BME280_I2C_temp_etu.a(UART_SPI_UART.o)
 .ARM.attributes
                0x000001bc       0x31 .\CortexM0\ARM_GCC_541\Debug\BME280_I2C_temp_etu.a(UART_UART.o)
 .ARM.attributes
                0x000001ed       0x31 .\CortexM0\ARM_GCC_541\Debug\BME280_I2C_temp_etu.a(CyLib.o)
 .ARM.attributes
                0x0000021e       0x31 .\CortexM0\ARM_GCC_541\Debug\BME280_I2C_temp_etu.a(CyLFClk.o)
 .ARM.attributes
                0x0000024f       0x31 .\CortexM0\ARM_GCC_541\Debug\BME280_I2C_temp_etu.a(I2C.o)
 .ARM.attributes
                0x00000280       0x31 .\CortexM0\ARM_GCC_541\Debug\BME280_I2C_temp_etu.a(I2C_I2C.o)
 .ARM.attributes
                0x000002b1       0x31 .\CortexM0\ARM_GCC_541\Debug\BME280_I2C_temp_etu.a(I2C_I2C_MASTER.o)
 .ARM.attributes
                0x000002e2       0x31 .\CortexM0\ARM_GCC_541\Debug\BME280_I2C_temp_etu.a(Timer.o)
 .ARM.attributes
                0x00000313       0x31 .\CortexM0\ARM_GCC_541\Debug\BME280_I2C_temp_etu.a(ISR.o)
 .ARM.attributes
                0x00000344       0x21 .\CortexM0\ARM_GCC_541\Debug\BME280_I2C_temp_etu.a(CyBootAsmGnu.o)
 .ARM.attributes
                0x00000365       0x31 .\CortexM0\ARM_GCC_541\Debug\BME280_I2C_temp_etu.a(CyFlash.o)
 .ARM.attributes
                0x00000396       0x31 .\CortexM0\ARM_GCC_541\Debug\BME280_I2C_temp_etu.a(I2C_I2C_INT.o)
 .ARM.attributes
                0x000003c7       0x1e c:/program files (x86)/cypress/psoc creator/4.4/psoc creator/import/gnu/arm/5.4.1/bin/../lib/gcc/arm-none-eabi/5.4.1/armv6-m\libgcc.a(_udivsi3.o)
 .ARM.attributes
                0x000003e5       0x1e c:/program files (x86)/cypress/psoc creator/4.4/psoc creator/import/gnu/arm/5.4.1/bin/../lib/gcc/arm-none-eabi/5.4.1/armv6-m\libgcc.a(_divsi3.o)
 .ARM.attributes
                0x00000403       0x1e c:/program files (x86)/cypress/psoc creator/4.4/psoc creator/import/gnu/arm/5.4.1/bin/../lib/gcc/arm-none-eabi/5.4.1/armv6-m\libgcc.a(_dvmd_tls.o)
 .ARM.attributes
                0x00000421       0x1e c:/program files (x86)/cypress/psoc creator/4.4/psoc creator/import/gnu/arm/5.4.1/bin/../lib/gcc/arm-none-eabi/5.4.1/armv6-m\libgcc.a(_aeabi_ldivmod.o)
 .ARM.attributes
                0x0000043f       0x2c c:/program files (x86)/cypress/psoc creator/4.4/psoc creator/import/gnu/arm/5.4.1/bin/../lib/gcc/arm-none-eabi/5.4.1/armv6-m\libgcc.a(_muldi3.o)
 .ARM.attributes
                0x0000046b       0x2c c:/program files (x86)/cypress/psoc creator/4.4/psoc creator/import/gnu/arm/5.4.1/bin/../lib/gcc/arm-none-eabi/5.4.1/armv6-m\libgcc.a(bpabi.o)
 .ARM.attributes
                0x00000497       0x2c c:/program files (x86)/cypress/psoc creator/4.4/psoc creator/import/gnu/arm/5.4.1/bin/../lib/gcc/arm-none-eabi/5.4.1/armv6-m\libgcc.a(adddf3.o)
 .ARM.attributes
                0x000004c3       0x2c c:/program files (x86)/cypress/psoc creator/4.4/psoc creator/import/gnu/arm/5.4.1/bin/../lib/gcc/arm-none-eabi/5.4.1/armv6-m\libgcc.a(divdf3.o)
 .ARM.attributes
                0x000004ef       0x2c c:/program files (x86)/cypress/psoc creator/4.4/psoc creator/import/gnu/arm/5.4.1/bin/../lib/gcc/arm-none-eabi/5.4.1/armv6-m\libgcc.a(muldf3.o)
 .ARM.attributes
                0x0000051b       0x2c c:/program files (x86)/cypress/psoc creator/4.4/psoc creator/import/gnu/arm/5.4.1/bin/../lib/gcc/arm-none-eabi/5.4.1/armv6-m\libgcc.a(subdf3.o)
 .ARM.attributes
                0x00000547       0x2c c:/program files (x86)/cypress/psoc creator/4.4/psoc creator/import/gnu/arm/5.4.1/bin/../lib/gcc/arm-none-eabi/5.4.1/armv6-m\libgcc.a(floatsidf.o)
 .ARM.attributes
                0x00000573       0x1e c:/program files (x86)/cypress/psoc creator/4.4/psoc creator/import/gnu/arm/5.4.1/bin/../lib/gcc/arm-none-eabi/5.4.1/armv6-m\libgcc.a(_clzsi2.o)
 .ARM.attributes
                0x00000591       0x2c c:/program files (x86)/cypress/psoc creator/4.4/psoc creator/import/gnu/arm/5.4.1/bin/../lib/gcc/arm-none-eabi/5.4.1/armv6-m\libgcc.a(_divdi3.o)
 .ARM.attributes
                0x000005bd       0x1e c:/program files (x86)/cypress/psoc creator/4.4/psoc creator/import/gnu/arm/5.4.1/bin/../lib/gcc/arm-none-eabi/5.4.1/armv6-m\libgcc.a(_clzdi2.o)
 .ARM.attributes
                0x000005db       0x2c c:/program files (x86)/cypress/psoc creator/4.4/psoc creator/import/gnu/arm/5.4.1/bin/../lib/gcc/arm-none-eabi/5.4.1/../../../../arm-none-eabi/lib/armv6-m\libg_nano.a(lib_a-errno.o)
 .ARM.attributes
                0x00000607       0x2c c:/program files (x86)/cypress/psoc creator/4.4/psoc creator/import/gnu/arm/5.4.1/bin/../lib/gcc/arm-none-eabi/5.4.1/../../../../arm-none-eabi/lib/armv6-m\libg_nano.a(lib_a-exit.o)
 .ARM.attributes
                0x00000633       0x2c c:/program files (x86)/cypress/psoc creator/4.4/psoc creator/import/gnu/arm/5.4.1/bin/../lib/gcc/arm-none-eabi/5.4.1/../../../../arm-none-eabi/lib/armv6-m\libg_nano.a(lib_a-impure.o)
 .ARM.attributes
                0x0000065f       0x2c c:/program files (x86)/cypress/psoc creator/4.4/psoc creator/import/gnu/arm/5.4.1/bin/../lib/gcc/arm-none-eabi/5.4.1/../../../../arm-none-eabi/lib/armv6-m\libg_nano.a(lib_a-init.o)
 .ARM.attributes
                0x0000068b       0x2c c:/program files (x86)/cypress/psoc creator/4.4/psoc creator/import/gnu/arm/5.4.1/bin/../lib/gcc/arm-none-eabi/5.4.1/../../../../arm-none-eabi/lib/armv6-m\libg_nano.a(lib_a-memcpy-stub.o)
 .ARM.attributes
                0x000006b7       0x2c c:/program files (x86)/cypress/psoc creator/4.4/psoc creator/import/gnu/arm/5.4.1/bin/../lib/gcc/arm-none-eabi/5.4.1/../../../../arm-none-eabi/lib/armv6-m\libg_nano.a(lib_a-memset.o)
 .ARM.attributes
                0x000006e3       0x2c c:/program files (x86)/cypress/psoc creator/4.4/psoc creator/import/gnu/arm/5.4.1/bin/../lib/gcc/arm-none-eabi/5.4.1/../../../../arm-none-eabi/lib/armv6-m\libg_nano.a(lib_a-sprintf.o)
 .ARM.attributes
                0x0000070f       0x2c c:/program files (x86)/cypress/psoc creator/4.4/psoc creator/import/gnu/arm/5.4.1/bin/../lib/gcc/arm-none-eabi/5.4.1/../../../../arm-none-eabi/lib/armv6-m\libg_nano.a(lib_a-nano-svfprintf.o)
 .ARM.attributes
                0x0000073b       0x2c c:/program files (x86)/cypress/psoc creator/4.4/psoc creator/import/gnu/arm/5.4.1/bin/../lib/gcc/arm-none-eabi/5.4.1/../../../../arm-none-eabi/lib/armv6-m\libg_nano.a(lib_a-nano-vfprintf_i.o)
 .ARM.attributes
                0x00000767       0x2c c:/program files (x86)/cypress/psoc creator/4.4/psoc creator/import/gnu/arm/5.4.1/bin/../lib/gcc/arm-none-eabi/5.4.1/../../../../arm-none-eabi/lib/armv6-m\libg_nano.a(lib_a-memchr-stub.o)
 .ARM.attributes
                0x00000793       0x2c c:/program files (x86)/cypress/psoc creator/4.4/psoc creator/import/gnu/arm/5.4.1/bin/../lib/gcc/arm-none-eabi/5.4.1/../../../../arm-none-eabi/lib/armv6-m\libg_nano.a(lib_a-memmove.o)
 .ARM.attributes
                0x000007bf       0x2c c:/program files (x86)/cypress/psoc creator/4.4/psoc creator/import/gnu/arm/5.4.1/bin/../lib/gcc/arm-none-eabi/5.4.1/../../../../arm-none-eabi/lib/armv6-m\libg_nano.a(lib_a-nano-freer.o)
 .ARM.attributes
                0x000007eb       0x2c c:/program files (x86)/cypress/psoc creator/4.4/psoc creator/import/gnu/arm/5.4.1/bin/../lib/gcc/arm-none-eabi/5.4.1/../../../../arm-none-eabi/lib/armv6-m\libg_nano.a(lib_a-nano-mallocr.o)
 .ARM.attributes
                0x00000817       0x2c c:/program files (x86)/cypress/psoc creator/4.4/psoc creator/import/gnu/arm/5.4.1/bin/../lib/gcc/arm-none-eabi/5.4.1/../../../../arm-none-eabi/lib/armv6-m\libg_nano.a(lib_a-nano-reallocr.o)
 .ARM.attributes
                0x00000843       0x2c c:/program files (x86)/cypress/psoc creator/4.4/psoc creator/import/gnu/arm/5.4.1/bin/../lib/gcc/arm-none-eabi/5.4.1/../../../../arm-none-eabi/lib/armv6-m\libg_nano.a(lib_a-sbrkr.o)
 .ARM.attributes
                0x0000086f       0x2c c:/program files (x86)/cypress/psoc creator/4.4/psoc creator/import/gnu/arm/5.4.1/bin/../lib/gcc/arm-none-eabi/5.4.1/../../../../arm-none-eabi/lib/armv6-m\libg_nano.a(lib_a-mlock.o)
 .ARM.attributes
                0x0000089b       0x2c c:/program files (x86)/cypress/psoc creator/4.4/psoc creator/import/gnu/arm/5.4.1/bin/../lib/gcc/arm-none-eabi/5.4.1/../../../../arm-none-eabi/lib/armv6-m\libg_nano.a(lib_a-nano-msizer.o)
 .ARM.attributes
                0x000008c7       0x2c c:/program files (x86)/cypress/psoc creator/4.4/psoc creator/import/gnu/arm/5.4.1/bin/../lib/gcc/arm-none-eabi/5.4.1/../../../../arm-none-eabi/lib/armv6-m\libg_nano.a(lib_a-reent.o)
 .ARM.attributes
                0x000008f3       0x2c c:/program files (x86)/cypress/psoc creator/4.4/psoc creator/import/gnu/arm/5.4.1/bin/../lib/gcc/arm-none-eabi/5.4.1/armv6-m/crtend.o
 .ARM.attributes
                0x0000091f       0x1e c:/program files (x86)/cypress/psoc creator/4.4/psoc creator/import/gnu/arm/5.4.1/bin/../lib/gcc/arm-none-eabi/5.4.1/armv6-m/crtn.o

/DISCARD/
 *(.note.GNU-stack)
OUTPUT(C:\Users\labview\Desktop\MC60 - partie 2\TP2-LLA\BME280_I2C_temp_etu.cydsn\CortexM0\ARM_GCC_541\Debug\BME280_I2C_temp_etu.elf elf32-littlearm)
